2026-06-18 02:30:01 [INFO] === Neo4j Backup: chemie-neo4j/chemie ===
2026-06-18 02:30:01 [INFO] Checking prerequisites...
2026-06-18 02:30:01 [SUCCESS] Prerequisites OK
2026-06-18 02:30:01 [INFO] Creating backup: chemie_knowledge_backup_20260618_023001.dump
2026-06-18 02:30:02 [INFO] Stopping Neo4j service for backup...
2026-06-18 00:30:25.662+0000 INFO  [o.n.c.d.DumpCommand] Starting dump of database 'chemie'

Files: 1/166, data:  0.0%
Files: 1/166, data:  0.0%
Files: 2/166, data:  0.1%
Files: 3/166, data:  0.1%
Files: 4/166, data:  0.1%
Files: 5/166, data:  0.1%
Files: 6/166, data:  0.1%
Files: 7/166, data:  0.1%
Files: 8/166, data:  0.1%
Files: 9/166, data:  0.1%
Files: 10/166, data:  0.1%
Files: 11/166, data:  0.1%
Files: 12/166, data:  0.2%
Files: 13/166, data:  0.2%
Files: 14/166, data:  0.2%
Files: 15/166, data:  0.2%
Files: 16/166, data:  0.2%
Files: 17/166, data:  0.2%
Files: 18/166, data:  0.2%
Files: 19/166, data:  0.2%
Files: 20/166, data:  0.2%
Files: 21/166, data:  0.2%
Files: 22/166, data:  0.2%
Files: 23/166, data:  0.2%
Files: 24/166, data:  0.2%
Files: 25/166, data:  0.2%
Files: 26/166, data:  0.2%
Files: 27/166, data:  0.2%
Files: 28/166, data:  0.2%
Files: 29/166, data:  0.5%
Files: 30/166, data:  0.5%
Files: 31/166, data:  0.5%
Files: 32/166, data:  0.9%
Files: 33/166, data:  0.9%
Files: 34/166, data:  0.9%
Files: 35/166, data:  0.9%
Files: 36/166, data:  0.9%
Files: 37/166, data:  0.9%
Files: 38/166, data:  0.9%
Files: 39/166, data:  0.9%
Files: 40/166, data:  0.9%
Files: 41/166, data:  0.9%
Files: 42/166, data:  0.9%
Files: 43/166, data:  0.9%
Files: 44/166, data:  0.9%
Files: 45/166, data:  0.9%
Files: 46/166, data:  0.9%
Files: 47/166, data:  0.9%
Files: 48/166, data:  0.9%
Files: 49/166, data:  0.9%
Files: 50/166, data:  0.9%
Files: 51/166, data:  0.9%
Files: 52/166, data:  0.9%
Files: 53/166, data:  0.9%
Files: 54/166, data:  0.9%
Files: 55/166, data:  0.9%
Files: 56/166, data:  0.9%
Files: 57/166, data:  0.9%
Files: 58/166, data:  1.0%
Files: 58/166, data:  1.2%
Files: 59/166, data:  1.2%
Files: 60/166, data:  1.2%
Files: 61/166, data:  1.6%
Files: 62/166, data:  1.9%
Files: 63/166, data:  1.9%
Files: 64/166, data:  2.0%
Files: 64/166, data:  2.3%
Files: 65/166, data:  2.3%
Files: 66/166, data:  2.3%
Files: 67/166, data:  2.3%
Files: 68/166, data:  2.3%
Files: 69/166, data:  2.3%
Files: 70/166, data:  2.3%
Files: 71/166, data:  2.3%
Files: 72/166, data:  2.6%
Files: 73/166, data:  2.6%
Files: 74/166, data:  2.6%
Files: 75/166, data:  2.6%
Files: 76/166, data:  3.0%
Files: 77/166, data:  3.0%
Files: 78/166, data:  3.0%
Files: 79/166, data:  3.0%
Files: 80/166, data:  3.0%
Files: 81/166, data:  3.0%
Files: 82/166, data:  3.0%
Files: 83/166, data:  3.0%
Files: 84/166, data:  3.0%
Files: 84/166, data:  3.3%
Files: 85/166, data:  3.3%
Files: 86/166, data:  3.3%
Files: 87/166, data:  3.3%
Files: 88/166, data:  3.3%
Files: 89/166, data:  3.3%
Files: 90/166, data:  3.3%
Files: 91/166, data:  3.3%
Files: 92/166, data:  3.3%
Files: 93/166, data:  3.3%
Files: 94/166, data:  3.3%
Files: 95/166, data:  3.3%
Files: 96/166, data:  3.7%
Files: 97/166, data:  3.7%
Files: 98/166, data:  4.0%
Files: 98/166, data:  4.0%
Files: 99/166, data:  4.0%
Files: 100/166, data:  4.0%
Files: 101/166, data:  4.0%
Files: 102/166, data:  4.0%
Files: 103/166, data:  4.0%
Files: 104/166, data:  4.0%
Files: 105/166, data:  4.0%
Files: 106/166, data:  4.0%
Files: 107/166, data:  4.0%
Files: 108/166, data:  4.0%
Files: 109/166, data:  4.0%
Files: 110/166, data:  4.0%
Files: 111/166, data:  4.0%
Files: 112/166, data:  4.0%
Files: 113/166, data:  4.0%
Files: 114/166, data:  4.0%
Files: 115/166, data:  4.0%
Files: 116/166, data:  4.1%
Files: 117/166, data:  4.1%
Files: 118/166, data:  4.1%
Files: 119/166, data:  4.1%
Files: 120/166, data:  4.1%
Files: 121/166, data:  4.1%
Files: 122/166, data:  4.2%
Files: 123/166, data:  4.2%
Files: 124/166, data:  4.2%
Files: 125/166, data:  4.2%
Files: 126/166, data:  4.2%
Files: 127/166, data:  4.2%
Files: 128/166, data:  4.2%
Files: 129/166, data:  4.2%
Files: 130/166, data:  4.3%
Files: 131/166, data:  4.3%
Files: 132/166, data:  4.3%
Files: 133/166, data:  4.3%
Files: 134/166, data:  4.3%
Files: 135/166, data:  4.3%
Files: 136/166, data:  4.3%
Files: 137/166, data:  4.4%
Files: 138/166, data:  4.4%
Files: 139/166, data:  4.4%
Files: 140/166, data:  4.4%
Files: 141/166, data:  4.4%
Files: 142/166, data:  4.4%
Files: 143/166, data:  4.4%
Files: 144/166, data:  4.4%
Files: 145/166, data:  4.5%
Files: 146/166, data:  4.5%
Files: 147/166, data:  4.5%
Files: 148/166, data:  5.0%
Files: 148/166, data:  6.0%
Files: 148/166, data:  7.0%
Files: 148/166, data:  8.0%
Files: 148/166, data:  9.0%
Files: 148/166, data: 10.0%
Files: 148/166, data: 11.0%
Files: 148/166, data: 11.0%
Files: 149/166, data: 11.0%
Files: 150/166, data: 11.3%
Files: 151/166, data: 11.3%
Files: 152/166, data: 11.3%
Files: 153/166, data: 11.3%
Files: 154/166, data: 11.3%
Files: 155/166, data: 11.3%
Files: 156/166, data: 11.3%
Files: 157/166, data: 11.4%
Files: 158/166, data: 11.4%
Files: 159/166, data: 11.4%
Files: 160/166, data: 11.4%
Files: 161/166, data: 11.4%
Files: 162/166, data: 11.4%
Files: 163/166, data: 11.4%
Files: 164/166, data: 11.4%
Files: 165/166, data: 11.8%
Files: 166/166, data: 12.0%
Files: 166/166, data: 13.0%
Files: 166/166, data: 14.0%
Files: 166/166, data: 15.0%
Files: 166/166, data: 16.0%
Files: 166/166, data: 17.0%
Files: 166/166, data: 18.0%
Files: 166/166, data: 19.0%
Files: 166/166, data: 20.0%
Files: 166/166, data: 21.0%
Files: 166/166, data: 22.0%
Files: 166/166, data: 23.0%
Files: 166/166, data: 24.0%
Files: 166/166, data: 25.0%
Files: 166/166, data: 26.0%
Files: 166/166, data: 27.0%
Files: 166/166, data: 28.0%
Files: 166/166, data: 29.0%
Files: 166/166, data: 30.0%
Files: 166/166, data: 31.0%
Files: 166/166, data: 32.0%
Files: 166/166, data: 33.0%
Files: 166/166, data: 34.0%
Files: 166/166, data: 35.0%
Files: 166/166, data: 36.0%
Files: 166/166, data: 37.0%
Files: 166/166, data: 38.0%
Files: 166/166, data: 39.0%
Files: 166/166, data: 40.0%
Files: 166/166, data: 41.0%
Files: 166/166, data: 42.0%
Files: 166/166, data: 43.0%
Files: 166/166, data: 44.0%
Files: 166/166, data: 45.0%
Files: 166/166, data: 46.0%
Files: 166/166, data: 47.0%
Files: 166/166, data: 48.0%
Files: 166/166, data: 49.0%
Files: 166/166, data: 50.0%
Files: 166/166, data: 51.0%
Files: 166/166, data: 52.0%
Files: 166/166, data: 53.0%
Files: 166/166, data: 54.0%
Files: 166/166, data: 55.0%
Files: 166/166, data: 56.0%
Files: 166/166, data: 57.0%
Files: 166/166, data: 58.0%
Files: 166/166, data: 59.0%
Files: 166/166, data: 60.0%
Files: 166/166, data: 61.0%
Files: 166/166, data: 62.0%
Files: 166/166, data: 63.0%
Files: 166/166, data: 64.0%
Files: 166/166, data: 65.0%
Files: 166/166, data: 66.0%
Files: 166/166, data: 67.0%
Files: 166/166, data: 68.0%
Files: 166/166, data: 69.0%
Files: 166/166, data: 70.0%
Files: 166/166, data: 71.0%
Files: 166/166, data: 72.0%
Files: 166/166, data: 73.0%
Files: 166/166, data: 74.0%
Files: 166/166, data: 75.0%
Files: 166/166, data: 76.0%
Files: 166/166, data: 77.0%
Files: 166/166, data: 78.0%
Files: 166/166, data: 79.0%
Files: 166/166, data: 80.0%
Files: 166/166, data: 81.0%
Files: 166/166, data: 82.0%
Files: 166/166, data: 83.0%
Files: 166/166, data: 84.0%
Files: 166/166, data: 85.0%
Files: 166/166, data: 86.0%
Files: 166/166, data: 87.0%
Files: 166/166, data: 88.0%
Files: 166/166, data: 89.0%
Files: 166/166, data: 90.0%
Files: 166/166, data: 91.0%
Files: 166/166, data: 92.0%
Files: 166/166, data: 93.0%
Files: 166/166, data: 94.0%
Files: 166/166, data: 95.0%
Files: 166/166, data: 96.0%
Files: 166/166, data: 97.0%
Files: 166/166, data: 98.0%
Files: 166/166, data: 99.0%
Files: 166/166, data: 100.0%
Files: 166/166, data: 100.0%
Done: 166 files, 290.2MiB processed in 1.507 seconds.
2026-06-18 00:30:28.792+0000 INFO  [o.n.c.d.DumpCommand] Dump completed successfully
2026-06-18 02:30:29 [SUCCESS] Backup created: /home/weiss/git/hugo-chemie-lernen-org/backups/neo4j/chemie_knowledge_backup_20260618_023001.dump (33M)
2026-06-18 02:30:29 [INFO] Restarting Neo4j container...
2026-06-18 02:30:36 [SUCCESS] Backup verification passed
2026-06-18 02:30:36 [INFO] Cleaning up old backups...
2026-06-18 02:30:36 [SUCCESS] Cleanup completed
2026-06-18 02:30:36 [SUCCESS] Backup process completed successfully
