2026-06-17 02:30:01 [INFO] === Neo4j Backup: chemie-neo4j/chemie ===
2026-06-17 02:30:01 [INFO] Checking prerequisites...
2026-06-17 02:30:01 [SUCCESS] Prerequisites OK
2026-06-17 02:30:01 [INFO] Creating backup: chemie_knowledge_backup_20260617_023001.dump
2026-06-17 02:30:01 [INFO] Stopping Neo4j service for backup...
2026-06-17 00:30:26.571+0000 INFO  [o.n.c.d.DumpCommand] Starting dump of database 'chemie'

Files: 1/235, data:  0.0%
Files: 1/235, data:  0.0%
Files: 2/235, data:  0.1%
Files: 3/235, data:  0.1%
Files: 4/235, data:  0.1%
Files: 5/235, data:  0.1%
Files: 6/235, data:  0.1%
Files: 7/235, data:  0.1%
Files: 8/235, data:  0.1%
Files: 9/235, data:  0.1%
Files: 10/235, data:  0.1%
Files: 11/235, data:  0.1%
Files: 12/235, data:  0.2%
Files: 13/235, data:  0.2%
Files: 14/235, data:  0.2%
Files: 15/235, data:  0.2%
Files: 16/235, data:  0.2%
Files: 17/235, data:  0.2%
Files: 18/235, data:  0.2%
Files: 19/235, data:  0.2%
Files: 20/235, data:  0.2%
Files: 21/235, data:  0.2%
Files: 22/235, data:  0.2%
Files: 23/235, data:  0.2%
Files: 24/235, data:  0.2%
Files: 25/235, data:  0.2%
Files: 26/235, data:  0.2%
Files: 27/235, data:  0.2%
Files: 28/235, data:  0.2%
Files: 29/235, data:  0.2%
Files: 30/235, data:  0.2%
Files: 31/235, data:  0.2%
Files: 32/235, data:  0.2%
Files: 33/235, data:  0.2%
Files: 34/235, data:  0.2%
Files: 35/235, data:  0.2%
Files: 36/235, data:  0.2%
Files: 37/235, data:  0.2%
Files: 38/235, data:  0.2%
Files: 39/235, data:  0.2%
Files: 40/235, data:  0.2%
Files: 41/235, data:  0.2%
Files: 42/235, data:  0.2%
Files: 43/235, data:  0.2%
Files: 44/235, data:  0.2%
Files: 45/235, data:  0.2%
Files: 46/235, data:  0.2%
Files: 47/235, data:  0.3%
Files: 48/235, data:  0.3%
Files: 49/235, data:  0.3%
Files: 50/235, data:  0.3%
Files: 51/235, data:  0.3%
Files: 52/235, data:  0.3%
Files: 53/235, data:  0.6%
Files: 54/235, data:  0.6%
Files: 55/235, data:  0.6%
Files: 56/235, data:  0.6%
Files: 57/235, data:  0.6%
Files: 58/235, data:  0.6%
Files: 59/235, data:  0.6%
Files: 60/235, data:  0.6%
Files: 61/235, data:  0.6%
Files: 62/235, data:  0.6%
Files: 63/235, data:  0.6%
Files: 64/235, data:  0.6%
Files: 65/235, data:  0.6%
Files: 66/235, data:  0.6%
Files: 67/235, data:  0.7%
Files: 68/235, data:  0.7%
Files: 69/235, data:  0.7%
Files: 70/235, data:  0.7%
Files: 71/235, data:  0.7%
Files: 72/235, data:  0.7%
Files: 73/235, data:  0.7%
Files: 74/235, data:  0.7%
Files: 75/235, data:  0.7%
Files: 76/235, data:  0.7%
Files: 77/235, data:  0.7%
Files: 78/235, data:  0.7%
Files: 79/235, data:  0.7%
Files: 80/235, data:  0.7%
Files: 81/235, data:  0.7%
Files: 82/235, data:  0.7%
Files: 83/235, data:  0.7%
Files: 84/235, data:  0.7%
Files: 85/235, data:  0.7%
Files: 86/235, data:  0.7%
Files: 87/235, data:  0.7%
Files: 88/235, data:  0.7%
Files: 89/235, data:  0.7%
Files: 90/235, data:  0.7%
Files: 91/235, data:  0.7%
Files: 92/235, data:  0.7%
Files: 93/235, data:  0.7%
Files: 94/235, data:  0.7%
Files: 95/235, data:  0.7%
Files: 96/235, data:  0.7%
Files: 97/235, data:  0.7%
Files: 98/235, data:  0.7%
Files: 99/235, data:  0.7%
Files: 100/235, data:  0.7%
Files: 101/235, data:  0.8%
Files: 102/235, data:  0.8%
Files: 103/235, data:  0.8%
Files: 104/235, data:  0.8%
Files: 105/235, data:  0.8%
Files: 106/235, data:  0.8%
Files: 107/235, data:  0.8%
Files: 108/235, data:  0.8%
Files: 109/235, data:  1.0%
Files: 109/235, data:  1.1%
Files: 110/235, data:  1.1%
Files: 111/235, data:  1.1%
Files: 112/235, data:  1.1%
Files: 113/235, data:  1.5%
Files: 114/235, data:  1.5%
Files: 115/235, data:  1.5%
Files: 116/235, data:  1.5%
Files: 117/235, data:  1.5%
Files: 118/235, data:  1.5%
Files: 119/235, data:  1.8%
Files: 120/235, data:  1.8%
Files: 121/235, data:  2.0%
Files: 121/235, data:  2.2%
Files: 122/235, data:  2.2%
Files: 123/235, data:  2.2%
Files: 124/235, data:  2.2%
Files: 125/235, data:  2.2%
Files: 126/235, data:  2.2%
Files: 127/235, data:  2.2%
Files: 128/235, data:  2.5%
Files: 129/235, data:  2.6%
Files: 130/235, data:  2.6%
Files: 131/235, data:  2.6%
Files: 132/235, data:  2.6%
Files: 133/235, data:  2.6%
Files: 134/235, data:  2.6%
Files: 135/235, data:  2.6%
Files: 136/235, data:  2.6%
Files: 137/235, data:  2.6%
Files: 138/235, data:  2.6%
Files: 139/235, data:  2.6%
Files: 140/235, data:  2.6%
Files: 141/235, data:  2.6%
Files: 142/235, data:  2.6%
Files: 143/235, data:  2.6%
Files: 144/235, data:  2.6%
Files: 145/235, data:  2.6%
Files: 146/235, data:  2.6%
Files: 147/235, data:  2.6%
Files: 148/235, data:  2.9%
Files: 149/235, data:  2.9%
Files: 150/235, data:  2.9%
Files: 151/235, data:  2.9%
Files: 152/235, data:  2.9%
Files: 153/235, data:  2.9%
Files: 154/235, data:  2.9%
Files: 155/235, data:  2.9%
Files: 156/235, data:  2.9%
Files: 157/235, data:  2.9%
Files: 158/235, data:  2.9%
Files: 159/235, data:  3.0%
Files: 160/235, data:  3.0%
Files: 161/235, data:  3.0%
Files: 162/235, data:  3.0%
Files: 163/235, data:  3.0%
Files: 164/235, data:  3.0%
Files: 165/235, data:  3.0%
Files: 166/235, data:  3.0%
Files: 167/235, data:  3.0%
Files: 168/235, data:  3.0%
Files: 169/235, data:  3.0%
Files: 170/235, data:  3.0%
Files: 171/235, data:  3.0%
Files: 172/235, data:  3.0%
Files: 173/235, data:  3.0%
Files: 174/235, data:  3.0%
Files: 175/235, data:  3.0%
Files: 176/235, data:  3.0%
Files: 177/235, data:  3.0%
Files: 178/235, data:  3.0%
Files: 179/235, data:  3.0%
Files: 180/235, data:  3.0%
Files: 181/235, data:  3.0%
Files: 182/235, data:  3.0%
Files: 183/235, data:  3.0%
Files: 184/235, data:  3.0%
Files: 185/235, data:  3.0%
Files: 185/235, data:  3.0%
Files: 186/235, data:  3.0%
Files: 187/235, data:  3.0%
Files: 188/235, data:  3.1%
Files: 189/235, data:  3.1%
Files: 190/235, data:  3.1%
Files: 191/235, data:  3.1%
Files: 192/235, data:  3.1%
Files: 193/235, data:  3.1%
Files: 194/235, data:  3.2%
Files: 195/235, data:  3.2%
Files: 196/235, data:  3.2%
Files: 197/235, data:  3.2%
Files: 198/235, data:  3.2%
Files: 199/235, data:  3.2%
Files: 200/235, data:  3.2%
Files: 201/235, data:  3.2%
Files: 202/235, data:  3.3%
Files: 203/235, data:  3.3%
Files: 204/235, data:  3.3%
Files: 205/235, data:  3.3%
Files: 206/235, data:  3.3%
Files: 207/235, data:  3.3%
Files: 208/235, data:  3.3%
Files: 209/235, data:  3.4%
Files: 210/235, data:  3.4%
Files: 211/235, data:  3.4%
Files: 212/235, data:  3.4%
Files: 213/235, data:  3.4%
Files: 214/235, data:  3.4%
Files: 215/235, data:  3.4%
Files: 216/235, data:  3.5%
Files: 217/235, data:  4.0%
Files: 217/235, data:  5.0%
Files: 217/235, data:  6.0%
Files: 217/235, data:  7.0%
Files: 217/235, data:  8.0%
Files: 217/235, data:  8.1%
Files: 218/235, data:  8.2%
Files: 219/235, data:  8.3%
Files: 220/235, data:  8.3%
Files: 221/235, data:  8.3%
Files: 222/235, data:  8.3%
Files: 223/235, data:  8.4%
Files: 224/235, data:  8.4%
Files: 225/235, data:  8.4%
Files: 226/235, data:  8.4%
Files: 227/235, data:  8.4%
Files: 228/235, data:  8.4%
Files: 229/235, data:  8.5%
Files: 230/235, data:  8.5%
Files: 231/235, data:  8.5%
Files: 232/235, data:  8.5%
Files: 233/235, data:  8.5%
Files: 234/235, data:  8.9%
Files: 235/235, data:  9.0%
Files: 235/235, data: 10.0%
Files: 235/235, data: 11.0%
Files: 235/235, data: 12.0%
Files: 235/235, data: 13.0%
Files: 235/235, data: 14.0%
Files: 235/235, data: 15.0%
Files: 235/235, data: 16.0%
Files: 235/235, data: 17.0%
Files: 235/235, data: 18.0%
Files: 235/235, data: 19.0%
Files: 235/235, data: 20.0%
Files: 235/235, data: 21.0%
Files: 235/235, data: 22.0%
Files: 235/235, data: 23.0%
Files: 235/235, data: 24.0%
Files: 235/235, data: 25.0%
Files: 235/235, data: 26.0%
Files: 235/235, data: 27.0%
Files: 235/235, data: 28.0%
Files: 235/235, data: 29.0%
Files: 235/235, data: 30.0%
Files: 235/235, data: 31.0%
Files: 235/235, data: 32.0%
Files: 235/235, data: 33.0%
Files: 235/235, data: 34.0%
Files: 235/235, data: 35.0%
Files: 235/235, data: 36.0%
Files: 235/235, data: 37.0%
Files: 235/235, data: 38.0%
Files: 235/235, data: 39.0%
Files: 235/235, data: 40.0%
Files: 235/235, data: 41.0%
Files: 235/235, data: 42.0%
Files: 235/235, data: 43.0%
Files: 235/235, data: 44.0%
Files: 235/235, data: 45.0%
Files: 235/235, data: 46.0%
Files: 235/235, data: 47.0%
Files: 235/235, data: 48.0%
Files: 235/235, data: 49.0%
Files: 235/235, data: 50.0%
Files: 235/235, data: 51.0%
Files: 235/235, data: 52.0%
Files: 235/235, data: 53.0%
Files: 235/235, data: 54.0%
Files: 235/235, data: 55.0%
Files: 235/235, data: 56.0%
Files: 235/235, data: 57.0%
Files: 235/235, data: 58.0%
Files: 235/235, data: 59.0%
Files: 235/235, data: 60.0%
Files: 235/235, data: 61.0%
Files: 235/235, data: 62.0%
Files: 235/235, data: 63.0%
Files: 235/235, data: 64.0%
Files: 235/235, data: 65.0%
Files: 235/235, data: 66.0%
Files: 235/235, data: 67.0%
Files: 235/235, data: 68.0%
Files: 235/235, data: 69.0%
Files: 235/235, data: 70.0%
Files: 235/235, data: 71.0%
Files: 235/235, data: 72.0%
Files: 235/235, data: 73.0%
Files: 235/235, data: 74.0%
Files: 235/235, data: 75.0%
Files: 235/235, data: 76.0%
Files: 235/235, data: 77.0%
Files: 235/235, data: 78.0%
Files: 235/235, data: 79.0%
Files: 235/235, data: 80.0%
Files: 235/235, data: 81.0%
Files: 235/235, data: 82.0%
Files: 235/235, data: 83.0%
Files: 235/235, data: 84.0%
Files: 235/235, data: 85.0%
Files: 235/235, data: 86.0%
Files: 235/235, data: 87.0%
Files: 235/235, data: 88.0%
Files: 235/235, data: 89.0%
Files: 235/235, data: 90.0%
Files: 235/235, data: 91.0%
Files: 235/235, data: 92.0%
Files: 235/235, data: 93.0%
Files: 235/235, data: 94.0%
Files: 235/235, data: 95.0%
Files: 235/235, data: 96.0%
Files: 235/235, data: 97.0%
Files: 235/235, data: 98.0%
Files: 235/235, data: 99.0%
Files: 235/235, data: 100.0%
Files: 235/235, data: 100.0%
Done: 235 files, 280.9MiB processed in 1.210 seconds.
2026-06-17 00:30:29.039+0000 INFO  [o.n.c.d.DumpCommand] Dump completed successfully
2026-06-17 02:30:29 [SUCCESS] Backup created: /home/weiss/git/hugo-chemie-lernen-org/backups/neo4j/chemie_knowledge_backup_20260617_023001.dump (23M)
2026-06-17 02:30:29 [INFO] Restarting Neo4j container...
2026-06-17 02:30:35 [SUCCESS] Backup verification passed
2026-06-17 02:30:35 [INFO] Cleaning up old backups...
2026-06-17 02:30:35 [SUCCESS] Cleanup completed
2026-06-17 02:30:35 [SUCCESS] Backup process completed successfully
