2026-06-14 06:43:14 [INFO] === Neo4j Backup: chemie-neo4j/chemie ===
2026-06-14 06:43:14 [INFO] Checking prerequisites...
2026-06-14 06:43:15 [SUCCESS] Prerequisites OK
2026-06-14 06:43:15 [INFO] Creating backup: chemie_knowledge_backup_20260614_064314.dump
2026-06-14 04:43:31.304+0000 INFO  [o.n.c.d.DumpCommand] Starting dump of database 'chemie'

Files: 1/36, data:  0.0%
Files: 1/36, data:  0.0%
Files: 2/36, data:  0.0%
Files: 3/36, data:  0.0%
Files: 4/36, data:  0.0%
Files: 5/36, data:  0.1%
Files: 6/36, data:  0.1%
Files: 7/36, data:  0.1%
Files: 8/36, data:  0.1%
Files: 9/36, data:  0.1%
Files: 10/36, data:  0.1%
Files: 11/36, data:  0.1%
Files: 12/36, data:  0.1%
Files: 13/36, data:  0.1%
Files: 14/36, data:  0.1%
Files: 15/36, data:  0.2%
Files: 16/36, data:  0.2%
Files: 17/36, data:  0.2%
Files: 18/36, data:  0.2%
Files: 19/36, data:  0.2%
Files: 20/36, data:  0.2%
Files: 21/36, data:  0.2%
Files: 22/36, data:  0.2%
Files: 23/36, data:  0.2%
Files: 24/36, data:  0.3%
Files: 25/36, data:  0.3%
Files: 26/36, data:  0.3%
Files: 27/36, data:  0.3%
Files: 28/36, data:  0.3%
Files: 29/36, data:  0.3%
Files: 30/36, data:  0.3%
Files: 31/36, data:  0.3%
Files: 32/36, data:  0.4%
Files: 33/36, data:  0.4%
Files: 34/36, data:  0.4%
Files: 35/36, data:  0.8%
Files: 36/36, data:  1.0%
Files: 36/36, data:  2.0%
Files: 36/36, data:  3.0%
Files: 36/36, data:  4.0%
Files: 36/36, data:  5.0%
Files: 36/36, data:  6.0%
Files: 36/36, data:  7.0%
Files: 36/36, data:  8.0%
Files: 36/36, data:  9.0%
Files: 36/36, data: 10.0%
Files: 36/36, data: 11.0%
Files: 36/36, data: 12.0%
Files: 36/36, data: 13.0%
Files: 36/36, data: 14.0%
Files: 36/36, data: 15.0%
Files: 36/36, data: 16.0%
Files: 36/36, data: 17.0%
Files: 36/36, data: 18.0%
Files: 36/36, data: 19.0%
Files: 36/36, data: 20.0%
Files: 36/36, data: 21.0%
Files: 36/36, data: 22.0%
Files: 36/36, data: 23.0%
Files: 36/36, data: 24.0%
Files: 36/36, data: 25.0%
Files: 36/36, data: 26.0%
Files: 36/36, data: 27.0%
Files: 36/36, data: 28.0%
Files: 36/36, data: 29.0%
Files: 36/36, data: 30.0%
Files: 36/36, data: 31.0%
Files: 36/36, data: 32.0%
Files: 36/36, data: 33.0%
Files: 36/36, data: 34.0%
Files: 36/36, data: 35.0%
Files: 36/36, data: 36.0%
Files: 36/36, data: 37.0%
Files: 36/36, data: 38.0%
Files: 36/36, data: 39.0%
Files: 36/36, data: 40.0%
Files: 36/36, data: 41.0%
Files: 36/36, data: 42.0%
Files: 36/36, data: 43.0%
Files: 36/36, data: 44.0%
Files: 36/36, data: 45.0%
Files: 36/36, data: 46.0%
Files: 36/36, data: 47.0%
Files: 36/36, data: 48.0%
Files: 36/36, data: 49.0%
Files: 36/36, data: 50.0%
Files: 36/36, data: 51.0%
Files: 36/36, data: 52.0%
Files: 36/36, data: 53.0%
Files: 36/36, data: 54.0%
Files: 36/36, data: 55.0%
Files: 36/36, data: 56.0%
Files: 36/36, data: 57.0%
Files: 36/36, data: 58.0%
Files: 36/36, data: 59.0%
Files: 36/36, data: 60.0%
Files: 36/36, data: 61.0%
Files: 36/36, data: 62.0%
Files: 36/36, data: 63.0%
Files: 36/36, data: 64.0%
Files: 36/36, data: 65.0%
Files: 36/36, data: 66.0%
Files: 36/36, data: 67.0%
Files: 36/36, data: 68.0%
Files: 36/36, data: 69.0%
Files: 36/36, data: 70.0%
Files: 36/36, data: 71.0%
Files: 36/36, data: 72.0%
Files: 36/36, data: 73.0%
Files: 36/36, data: 74.0%
Files: 36/36, data: 75.0%
Files: 36/36, data: 76.0%
Files: 36/36, data: 77.0%
Files: 36/36, data: 78.0%
Files: 36/36, data: 79.0%
Files: 36/36, data: 80.0%
Files: 36/36, data: 81.0%
Files: 36/36, data: 82.0%
Files: 36/36, data: 83.0%
Files: 36/36, data: 84.0%
Files: 36/36, data: 85.0%
Files: 36/36, data: 86.0%
Files: 36/36, data: 87.0%
Files: 36/36, data: 88.0%
Files: 36/36, data: 89.0%
Files: 36/36, data: 90.0%
Files: 36/36, data: 91.0%
Files: 36/36, data: 92.0%
Files: 36/36, data: 93.0%
Files: 36/36, data: 94.0%
Files: 36/36, data: 95.0%
Files: 36/36, data: 96.0%
Files: 36/36, data: 97.0%
Files: 36/36, data: 98.0%
Files: 36/36, data: 99.0%
Files: 36/36, data: 100.0%
Files: 36/36, data: 100.0%
Done: 36 files, 258.0MiB processed in 0.649 seconds.
2026-06-14 04:43:33.334+0000 INFO  [o.n.c.d.DumpCommand] Dump completed successfully
2026-06-14 06:43:33 [SUCCESS] Backup created: /home/weiss/git/hugo-chemie-lernen-org/backups/neo4j/chemie_knowledge_backup_20260614_064314.dump (72K)
2026-06-14 06:43:44 [SUCCESS] Backup verification passed
2026-06-14 06:43:44 [INFO] Cleaning up old backups...
2026-06-14 06:43:44 [SUCCESS] Cleanup completed
2026-06-14 06:43:44 [SUCCESS] Backup process completed successfully
