2026-06-17 02:30:35 [INFO] === Neo4j Backup: leads-neo4j/neo4j ===
2026-06-17 02:30:35 [INFO] Checking prerequisites...
2026-06-17 02:30:35 [SUCCESS] Prerequisites OK
2026-06-17 02:30:35 [INFO] Creating backup: leads_knowledge_backup_20260617_023035.dump
2026-06-17 02:30:35 [INFO] Stopping Neo4j service for backup...
2026-06-17 00:30:58.212+0000 INFO  [o.n.c.d.DumpCommand] Starting dump of database 'neo4j'

Files: 1/42, data:  0.0%
Files: 1/42, data:  0.0%
Files: 2/42, data:  0.9%
Files: 3/42, data:  0.9%
Files: 4/42, data:  0.9%
Files: 5/42, data:  0.9%
Files: 6/42, data:  0.9%
Files: 7/42, data:  1.0%
Files: 8/42, data:  1.0%
Files: 8/42, data:  1.1%
Files: 9/42, data:  1.1%
Files: 10/42, data:  1.1%
Files: 11/42, data:  1.1%
Files: 12/42, data:  1.1%
Files: 13/42, data:  1.1%
Files: 14/42, data:  1.4%
Files: 15/42, data:  1.4%
Files: 16/42, data:  1.5%
Files: 17/42, data:  1.5%
Files: 18/42, data:  1.6%
Files: 19/42, data:  1.6%
Files: 20/42, data:  1.6%
Files: 21/42, data:  1.6%
Files: 22/42, data:  1.6%
Files: 23/42, data:  1.7%
Files: 24/42, data:  1.7%
Files: 25/42, data:  1.7%
Files: 26/42, data:  2.0%
Files: 26/42, data:  3.0%
Files: 26/42, data:  3.4%
Files: 27/42, data:  3.4%
Files: 28/42, data:  3.4%
Files: 29/42, data:  3.4%
Files: 30/42, data:  3.5%
Files: 31/42, data:  3.5%
Files: 32/42, data:  3.5%
Files: 33/42, data:  3.9%
Files: 34/42, data:  3.9%
Files: 35/42, data:  3.9%
Files: 36/42, data:  3.9%
Files: 37/42, data:  3.9%
Files: 38/42, data:  3.9%
Files: 39/42, data:  3.9%
Files: 40/42, data:  3.9%
Files: 41/42, data:  4.0%
Files: 41/42, data:  4.3%
Files: 42/42, data:  5.0%
Files: 42/42, data:  6.0%
Files: 42/42, data:  7.0%
Files: 42/42, data:  8.0%
Files: 42/42, data:  9.0%
Files: 42/42, data: 10.0%
Files: 42/42, data: 11.0%
Files: 42/42, data: 12.0%
Files: 42/42, data: 13.0%
Files: 42/42, data: 14.0%
Files: 42/42, data: 15.0%
Files: 42/42, data: 16.0%
Files: 42/42, data: 17.0%
Files: 42/42, data: 18.0%
Files: 42/42, data: 19.0%
Files: 42/42, data: 20.0%
Files: 42/42, data: 21.0%
Files: 42/42, data: 22.0%
Files: 42/42, data: 23.0%
Files: 42/42, data: 24.0%
Files: 42/42, data: 25.0%
Files: 42/42, data: 26.0%
Files: 42/42, data: 27.0%
Files: 42/42, data: 28.0%
Files: 42/42, data: 29.0%
Files: 42/42, data: 30.0%
Files: 42/42, data: 31.0%
Files: 42/42, data: 32.0%
Files: 42/42, data: 33.0%
Files: 42/42, data: 34.0%
Files: 42/42, data: 35.0%
Files: 42/42, data: 36.0%
Files: 42/42, data: 37.0%
Files: 42/42, data: 38.0%
Files: 42/42, data: 39.0%
Files: 42/42, data: 40.0%
Files: 42/42, data: 41.0%
Files: 42/42, data: 42.0%
Files: 42/42, data: 43.0%
Files: 42/42, data: 44.0%
Files: 42/42, data: 45.0%
Files: 42/42, data: 46.0%
Files: 42/42, data: 47.0%
Files: 42/42, data: 48.0%
Files: 42/42, data: 49.0%
Files: 42/42, data: 50.0%
Files: 42/42, data: 51.0%
Files: 42/42, data: 52.0%
Files: 42/42, data: 53.0%
Files: 42/42, data: 54.0%
Files: 42/42, data: 55.0%
Files: 42/42, data: 56.0%
Files: 42/42, data: 57.0%
Files: 42/42, data: 58.0%
Files: 42/42, data: 59.0%
Files: 42/42, data: 60.0%
Files: 42/42, data: 61.0%
Files: 42/42, data: 62.0%
Files: 42/42, data: 63.0%
Files: 42/42, data: 64.0%
Files: 42/42, data: 65.0%
Files: 42/42, data: 66.0%
Files: 42/42, data: 67.0%
Files: 42/42, data: 68.0%
Files: 42/42, data: 69.0%
Files: 42/42, data: 70.0%
Files: 42/42, data: 71.0%
Files: 42/42, data: 72.0%
Files: 42/42, data: 73.0%
Files: 42/42, data: 74.0%
Files: 42/42, data: 75.0%
Files: 42/42, data: 76.0%
Files: 42/42, data: 77.0%
Files: 42/42, data: 78.0%
Files: 42/42, data: 79.0%
Files: 42/42, data: 80.0%
Files: 42/42, data: 81.0%
Files: 42/42, data: 82.0%
Files: 42/42, data: 83.0%
Files: 42/42, data: 84.0%
Files: 42/42, data: 85.0%
Files: 42/42, data: 86.0%
Files: 42/42, data: 87.0%
Files: 42/42, data: 88.0%
Files: 42/42, data: 89.0%
Files: 42/42, data: 90.0%
Files: 42/42, data: 91.0%
Files: 42/42, data: 92.0%
Files: 42/42, data: 93.0%
Files: 42/42, data: 94.0%
Files: 42/42, data: 95.0%
Files: 42/42, data: 96.0%
Files: 42/42, data: 97.0%
Files: 42/42, data: 98.0%
Files: 42/42, data: 99.0%
Files: 42/42, data: 100.0%
Files: 42/42, data: 100.0%
Done: 42 files, 267.5MiB processed in 0.761 seconds.
2026-06-17 00:30:59.755+0000 INFO  [o.n.c.d.DumpCommand] Dump completed successfully
2026-06-17 02:30:59 [SUCCESS] Backup created: /home/weiss/git/hugo-chemie-lernen-org/backups/neo4j-leads/leads_knowledge_backup_20260617_023035.dump (7.1M)
2026-06-17 02:30:59 [INFO] Restarting Neo4j container...
2026-06-17 02:31:05 [SUCCESS] Backup verification passed
2026-06-17 02:31:05 [INFO] Cleaning up old backups...
2026-06-17 02:31:05 [SUCCESS] Cleanup completed
2026-06-17 02:31:06 [SUCCESS] Backup process completed successfully
