=== Chemie Backup: Sun Jun 14 06:38:11 CEST 2026 ===
2026-06-14 06:38:11 [INFO] === Neo4j Backup: chemie-neo4j/chemie ===
2026-06-14 06:38:11 [INFO] Checking prerequisites...
2026-06-14 06:38:11 [SUCCESS] Prerequisites OK
2026-06-14 06:38:11 [INFO] Creating backup: chemie_knowledge_backup_20260614_063811.dump
Missing required parameter: '<database>'

Dump a database into a single-file archive.

USAGE

neo4j-admin database dump [-h] [--expand-commands] [--verbose] [--overwrite-destination[=true|false]]
                          [--additional-config=<file>] [--to-path=<path> | --to-stdout] <database>

DESCRIPTION

Dump a database into a single-file archive. The archive can be used by the load command. <to-path> should be a
directory (in which case a file called <database>.dump will be created), or --to-stdout can be supplied to use standard
output. If neither --to-path or --to-stdout is supplied `server.directories.dumps.root` setting will be used as
destination. It is not possible to dump a database that is mounted in a running Neo4j server.

PARAMETERS

      <database>          Name of the database to dump. Can contain * and ? for globbing. Note that * and ? have
                            special meaning in some shells and might need to be escaped or used with quotes.

OPTIONS

      --additional-config=<file>
                          Configuration file with additional configuration.
      --expand-commands   Allow command expansion in config value evaluation.
  -h, --help              Show this help message and exit.
      --overwrite-destination[=true|false]
                          Overwrite any existing dump file in the destination folder.
                            Default: false
      --to-path=<path>    Destination folder of a database dump.
                          It is possible to dump databases into AWS S3 buckets, Google Cloud storage buckets, and Azure
                            buckets using the appropriate URI as the path.
      --to-stdout         Use standard output as the destination for the database dump.
      --verbose           Enable verbose output.
2026-06-14 06:38:13 [ERROR] Backup failed
2026-06-14 06:38:13 [ERROR] Backup process failed
=== Chemie Backup: Sun Jun 14 06:38:41 CEST 2026 ===
2026-06-14 06:38:41 [INFO] === Neo4j Backup: chemie-neo4j/chemie ===
2026-06-14 06:38:41 [INFO] Checking prerequisites...
2026-06-14 06:38:41 [SUCCESS] Prerequisites OK
2026-06-14 06:38:41 [INFO] Creating backup: chemie_knowledge_backup_20260614_063841.dump
2026-06-14 04:38:45.335+0000 INFO  [o.n.c.d.DumpCommand] Starting dump of database 'chemie'
2026-06-14 04:38:45.380+0000 ERROR [o.n.c.d.DumpCommand] Failed to dump database 'chemie': The database is in use. Stop database 'chemie' and try again.
2026-06-14 04:38:45.382+0000 ERROR [o.n.c.d.DumpCommand] Dump failed for databases: 'chemie'
Dump failed for databases: 'chemie'
Run with '--verbose' for a more detailed error message.
2026-06-14 06:38:45 [ERROR] Backup failed
2026-06-14 06:38:45 [ERROR] Backup process failed
=== Chemie Backup: Sun Jun 14 06:39:11 CEST 2026 ===
2026-06-14 06:39:11 [INFO] === Neo4j Backup: chemie-neo4j/chemie ===
2026-06-14 06:39:11 [INFO] Checking prerequisites...
2026-06-14 06:39:11 [SUCCESS] Prerequisites OK
2026-06-14 06:39:11 [INFO] Creating backup: chemie_knowledge_backup_20260614_063911.dump
2026-06-14 06:39:11 [INFO] Stopping database 'chemie' for backup...
2026-06-14 04:39:23.405+0000 INFO  [o.n.c.d.DumpCommand] Starting dump of database 'chemie'
2026-06-14 04:39:23.446+0000 ERROR [o.n.c.d.DumpCommand] Failed to dump database 'chemie': The database is in use. Stop database 'chemie' and try again.
2026-06-14 04:39:23.448+0000 ERROR [o.n.c.d.DumpCommand] Dump failed for databases: 'chemie'
Dump failed for databases: 'chemie'
Run with '--verbose' for a more detailed error message.
2026-06-14 06:39:23 [ERROR] Backup failed
2026-06-14 06:39:23 [INFO] Starting database 'chemie'...
2026-06-14 06:39:28 [ERROR] Backup process failed
=== Chemie Backup: Sun Jun 14 06:40:12 CEST 2026 ===
2026-06-14 06:40:12 [INFO] === Neo4j Backup: chemie-neo4j/chemie ===
2026-06-14 06:40:12 [INFO] Checking prerequisites...
2026-06-14 06:40:12 [SUCCESS] Prerequisites OK
2026-06-14 06:40:12 [INFO] Creating backup: chemie_knowledge_backup_20260614_064012.dump
2026-06-14 06:40:12 [INFO] Stopping Neo4j for backup...
Stopping Neo4j.......2026-06-14 04:40:35.712+0000 INFO  [o.n.c.d.DumpCommand] Starting dump of database 'chemie'

Files: 1/36, data:  0.0%
Files: 1/36, data:  0.0%
Files: 2/36, data:  0.0%
Files: 3/36, data:  0.0%
Files: 4/36, data:  0.0%
Files: 5/36, data:  0.1%
Files: 6/36, data:  0.1%
Files: 7/36, data:  0.1%
Files: 8/36, data:  0.1%
Files: 9/36, data:  0.1%
Files: 10/36, data:  0.1%
Files: 11/36, data:  0.1%
Files: 12/36, data:  0.1%
Files: 13/36, data:  0.1%
Files: 14/36, data:  0.1%
Files: 15/36, data:  0.2%
Files: 16/36, data:  0.2%
Files: 17/36, data:  0.2%
Files: 18/36, data:  0.2%
Files: 19/36, data:  0.2%
Files: 20/36, data:  0.2%
Files: 21/36, data:  0.2%
Files: 22/36, data:  0.2%
Files: 23/36, data:  0.2%
Files: 24/36, data:  0.3%
Files: 25/36, data:  0.3%
Files: 26/36, data:  0.3%
Files: 27/36, data:  0.3%
Files: 28/36, data:  0.3%
Files: 29/36, data:  0.3%
Files: 30/36, data:  0.3%
Files: 31/36, data:  0.3%
Files: 32/36, data:  0.4%
Files: 33/36, data:  0.4%
Files: 34/36, data:  0.4%
Files: 35/36, data:  0.8%
Files: 36/36, data:  1.0%
Files: 36/36, data:  2.0%
Files: 36/36, data:  3.0%
Files: 36/36, data:  4.0%
Files: 36/36, data:  5.0%
Files: 36/36, data:  6.0%
Files: 36/36, data:  7.0%
Files: 36/36, data:  8.0%
Files: 36/36, data:  9.0%
Files: 36/36, data: 10.0%
Files: 36/36, data: 11.0%
Files: 36/36, data: 12.0%
Files: 36/36, data: 13.0%
Files: 36/36, data: 14.0%
Files: 36/36, data: 15.0%
Files: 36/36, data: 16.0%
Files: 36/36, data: 17.0%
Files: 36/36, data: 18.0%
Files: 36/36, data: 19.0%
Files: 36/36, data: 20.0%
Files: 36/36, data: 21.0%
Files: 36/36, data: 22.0%
Files: 36/36, data: 23.0%
Files: 36/36, data: 24.0%
Files: 36/36, data: 25.0%
Files: 36/36, data: 26.0%
Files: 36/36, data: 27.0%
Files: 36/36, data: 28.0%
Files: 36/36, data: 29.0%
Files: 36/36, data: 30.0%
Files: 36/36, data: 31.0%
Files: 36/36, data: 32.0%
Files: 36/36, data: 33.0%
Files: 36/36, data: 34.0%
Files: 36/36, data: 35.0%
Files: 36/36, data: 36.0%
Files: 36/36, data: 37.0%
Files: 36/36, data: 38.0%
Files: 36/36, data: 39.0%
Files: 36/36, data: 40.0%
Files: 36/36, data: 41.0%
Files: 36/36, data: 42.0%
Files: 36/36, data: 43.0%
Files: 36/36, data: 44.0%
Files: 36/36, data: 45.0%
Files: 36/36, data: 46.0%
Files: 36/36, data: 47.0%
Files: 36/36, data: 48.0%
Files: 36/36, data: 49.0%
Files: 36/36, data: 50.0%
Files: 36/36, data: 51.0%
Files: 36/36, data: 52.0%
Files: 36/36, data: 53.0%
Files: 36/36, data: 54.0%
Files: 36/36, data: 55.0%
Files: 36/36, data: 56.0%
Files: 36/36, data: 57.0%
Files: 36/36, data: 58.0%
Files: 36/36, data: 59.0%
Files: 36/36, data: 60.0%
Files: 36/36, data: 61.0%
Files: 36/36, data: 62.0%
Files: 36/36, data: 63.0%
Files: 36/36, data: 64.0%
Files: 36/36, data: 65.0%
Files: 36/36, data: 66.0%
Files: 36/36, data: 67.0%
Files: 36/36, data: 68.0%
Files: 36/36, data: 69.0%
Files: 36/36, data: 70.0%
Files: 36/36, data: 71.0%
Files: 36/36, data: 72.0%
Files: 36/36, data: 73.0%
Files: 36/36, data: 74.0%
Files: 36/36, data: 75.0%
Files: 36/36, data: 76.0%
Files: 36/36, data: 77.0%
Files: 36/36, data: 78.0%
Files: 36/36, data: 79.0%
Files: 36/36, data: 80.0%
Files: 36/36, data: 81.0%
Files: 36/36, data: 82.0%
Files: 36/36, data: 83.0%
Files: 36/36, data: 84.0%
Files: 36/36, data: 85.0%
Files: 36/36, data: 86.0%
Files: 36/36, data: 87.0%
Files: 36/36, data: 88.0%
Files: 36/36, data: 89.0%
Files: 36/36, data: 90.0%
Files: 36/36, data: 91.0%
Files: 36/36, data: 92.0%
Files: 36/36, data: 93.0%
Files: 36/36, data: 94.0%
Files: 36/36, data: 95.0%
Files: 36/36, data: 96.0%
Files: 36/36, data: 97.0%
Files: 36/36, data: 98.0%
Files: 36/36, data: 99.0%
Files: 36/36, data: 100.0%
Files: 36/36, data: 100.0%
Done: 36 files, 258.0MiB processed in 0.785 seconds.
2026-06-14 04:40:38.533+0000 INFO  [o.n.c.d.DumpCommand] Dump completed successfully
2026-06-14 06:40:38 [SUCCESS] Backup created: /home/weiss/git/hugo-chemie-lernen-org/backups/neo4j/chemie_knowledge_backup_20260614_064012.dump (72K)
2026-06-14 06:40:38 [INFO] Starting Neo4j...
Configuration file validation successful (with warnings).
2026-06-14 06:40:44 [SUCCESS] Backup verification passed
2026-06-14 06:40:44 [INFO] Cleaning up old backups...
2026-06-14 06:40:44 [SUCCESS] Cleanup completed
2026-06-14 06:40:44 [SUCCESS] Backup process completed successfully
2026-06-14 06:40:44 [INFO] === Neo4j Backup: leads-neo4j/neo4j ===
2026-06-14 06:40:44 [INFO] Checking prerequisites...
2026-06-14 06:40:45 [SUCCESS] Prerequisites OK
2026-06-14 06:40:45 [INFO] Creating backup: leads_knowledge_backup_20260614_064044.dump
2026-06-14 06:40:45 [INFO] Stopping Neo4j for backup...
Stopping Neo4j.......Error response from daemon: container 10df87ed4ec7b84f261e9673f3d7264accae862efe12b7851f2a366f2a7a4465 is not running
2026-06-14 06:41:03 [ERROR] Backup failed
2026-06-14 06:41:03 [INFO] Starting Neo4j...
2026-06-14 06:41:06 [ERROR] Backup process failed
=== Chemie Backup: Sun Jun 14 06:43:14 CEST 2026 ===
2026-06-14 06:43:14 [INFO] === Neo4j Backup: chemie-neo4j/chemie ===
2026-06-14 06:43:14 [INFO] Checking prerequisites...
2026-06-14 06:43:15 [SUCCESS] Prerequisites OK
2026-06-14 06:43:15 [INFO] Creating backup: chemie_knowledge_backup_20260614_064314.dump
2026-06-14 04:43:31.304+0000 INFO  [o.n.c.d.DumpCommand] Starting dump of database 'chemie'

Files: 1/36, data:  0.0%
Files: 1/36, data:  0.0%
Files: 2/36, data:  0.0%
Files: 3/36, data:  0.0%
Files: 4/36, data:  0.0%
Files: 5/36, data:  0.1%
Files: 6/36, data:  0.1%
Files: 7/36, data:  0.1%
Files: 8/36, data:  0.1%
Files: 9/36, data:  0.1%
Files: 10/36, data:  0.1%
Files: 11/36, data:  0.1%
Files: 12/36, data:  0.1%
Files: 13/36, data:  0.1%
Files: 14/36, data:  0.1%
Files: 15/36, data:  0.2%
Files: 16/36, data:  0.2%
Files: 17/36, data:  0.2%
Files: 18/36, data:  0.2%
Files: 19/36, data:  0.2%
Files: 20/36, data:  0.2%
Files: 21/36, data:  0.2%
Files: 22/36, data:  0.2%
Files: 23/36, data:  0.2%
Files: 24/36, data:  0.3%
Files: 25/36, data:  0.3%
Files: 26/36, data:  0.3%
Files: 27/36, data:  0.3%
Files: 28/36, data:  0.3%
Files: 29/36, data:  0.3%
Files: 30/36, data:  0.3%
Files: 31/36, data:  0.3%
Files: 32/36, data:  0.4%
Files: 33/36, data:  0.4%
Files: 34/36, data:  0.4%
Files: 35/36, data:  0.8%
Files: 36/36, data:  1.0%
Files: 36/36, data:  2.0%
Files: 36/36, data:  3.0%
Files: 36/36, data:  4.0%
Files: 36/36, data:  5.0%
Files: 36/36, data:  6.0%
Files: 36/36, data:  7.0%
Files: 36/36, data:  8.0%
Files: 36/36, data:  9.0%
Files: 36/36, data: 10.0%
Files: 36/36, data: 11.0%
Files: 36/36, data: 12.0%
Files: 36/36, data: 13.0%
Files: 36/36, data: 14.0%
Files: 36/36, data: 15.0%
Files: 36/36, data: 16.0%
Files: 36/36, data: 17.0%
Files: 36/36, data: 18.0%
Files: 36/36, data: 19.0%
Files: 36/36, data: 20.0%
Files: 36/36, data: 21.0%
Files: 36/36, data: 22.0%
Files: 36/36, data: 23.0%
Files: 36/36, data: 24.0%
Files: 36/36, data: 25.0%
Files: 36/36, data: 26.0%
Files: 36/36, data: 27.0%
Files: 36/36, data: 28.0%
Files: 36/36, data: 29.0%
Files: 36/36, data: 30.0%
Files: 36/36, data: 31.0%
Files: 36/36, data: 32.0%
Files: 36/36, data: 33.0%
Files: 36/36, data: 34.0%
Files: 36/36, data: 35.0%
Files: 36/36, data: 36.0%
Files: 36/36, data: 37.0%
Files: 36/36, data: 38.0%
Files: 36/36, data: 39.0%
Files: 36/36, data: 40.0%
Files: 36/36, data: 41.0%
Files: 36/36, data: 42.0%
Files: 36/36, data: 43.0%
Files: 36/36, data: 44.0%
Files: 36/36, data: 45.0%
Files: 36/36, data: 46.0%
Files: 36/36, data: 47.0%
Files: 36/36, data: 48.0%
Files: 36/36, data: 49.0%
Files: 36/36, data: 50.0%
Files: 36/36, data: 51.0%
Files: 36/36, data: 52.0%
Files: 36/36, data: 53.0%
Files: 36/36, data: 54.0%
Files: 36/36, data: 55.0%
Files: 36/36, data: 56.0%
Files: 36/36, data: 57.0%
Files: 36/36, data: 58.0%
Files: 36/36, data: 59.0%
Files: 36/36, data: 60.0%
Files: 36/36, data: 61.0%
Files: 36/36, data: 62.0%
Files: 36/36, data: 63.0%
Files: 36/36, data: 64.0%
Files: 36/36, data: 65.0%
Files: 36/36, data: 66.0%
Files: 36/36, data: 67.0%
Files: 36/36, data: 68.0%
Files: 36/36, data: 69.0%
Files: 36/36, data: 70.0%
Files: 36/36, data: 71.0%
Files: 36/36, data: 72.0%
Files: 36/36, data: 73.0%
Files: 36/36, data: 74.0%
Files: 36/36, data: 75.0%
Files: 36/36, data: 76.0%
Files: 36/36, data: 77.0%
Files: 36/36, data: 78.0%
Files: 36/36, data: 79.0%
Files: 36/36, data: 80.0%
Files: 36/36, data: 81.0%
Files: 36/36, data: 82.0%
Files: 36/36, data: 83.0%
Files: 36/36, data: 84.0%
Files: 36/36, data: 85.0%
Files: 36/36, data: 86.0%
Files: 36/36, data: 87.0%
Files: 36/36, data: 88.0%
Files: 36/36, data: 89.0%
Files: 36/36, data: 90.0%
Files: 36/36, data: 91.0%
Files: 36/36, data: 92.0%
Files: 36/36, data: 93.0%
Files: 36/36, data: 94.0%
Files: 36/36, data: 95.0%
Files: 36/36, data: 96.0%
Files: 36/36, data: 97.0%
Files: 36/36, data: 98.0%
Files: 36/36, data: 99.0%
Files: 36/36, data: 100.0%
Files: 36/36, data: 100.0%
Done: 36 files, 258.0MiB processed in 0.649 seconds.
2026-06-14 04:43:33.334+0000 INFO  [o.n.c.d.DumpCommand] Dump completed successfully
2026-06-14 06:43:33 [SUCCESS] Backup created: /home/weiss/git/hugo-chemie-lernen-org/backups/neo4j/chemie_knowledge_backup_20260614_064314.dump (72K)
2026-06-14 06:43:44 [SUCCESS] Backup verification passed
2026-06-14 06:43:44 [INFO] Cleaning up old backups...
2026-06-14 06:43:44 [SUCCESS] Cleanup completed
2026-06-14 06:43:44 [SUCCESS] Backup process completed successfully
2026-06-14 06:43:44 [INFO] === Neo4j Backup: leads-neo4j/neo4j ===
2026-06-14 06:43:44 [INFO] Checking prerequisites...
2026-06-14 06:43:44 [SUCCESS] Prerequisites OK
2026-06-14 06:43:44 [INFO] Creating backup: leads_knowledge_backup_20260614_064344.dump
2026-06-14 04:43:58.572+0000 INFO  [o.n.c.d.DumpCommand] Starting dump of database 'neo4j'
2026-06-14 04:43:58.613+0000 ERROR [o.n.c.d.DumpCommand] Failed to dump database 'neo4j': The database is in use. Stop database 'neo4j' and try again.
2026-06-14 04:43:58.616+0000 ERROR [o.n.c.d.DumpCommand] Dump failed for databases: 'neo4j'
Dump failed for databases: 'neo4j'
Run with '--verbose' for a more detailed error message.
2026-06-14 06:43:58 [ERROR] Backup failed
2026-06-14 06:44:07 [ERROR] Backup process failed
=== Complete: chemie=0, leads=1 ===
=== Chemie Backup: Sun Jun 14 06:45:59 CEST 2026 ===
2026-06-14 06:45:59 [INFO] === Neo4j Backup: chemie-neo4j/chemie ===
2026-06-14 06:45:59 [INFO] Checking prerequisites...
2026-06-14 06:45:59 [SUCCESS] Prerequisites OK
2026-06-14 06:45:59 [INFO] Creating backup: chemie_knowledge_backup_20260614_064559.dump
2026-06-14 06:45:59 [INFO] Stopping Neo4j service for backup...
Stopping Neo4j............2026-06-14 04:46:29.323+0000 INFO  [o.n.c.d.DumpCommand] Starting dump of database 'chemie'

Files: 1/36, data:  0.0%
Files: 1/36, data:  0.0%
Files: 2/36, data:  0.0%
Files: 3/36, data:  0.0%
Files: 4/36, data:  0.0%
Files: 5/36, data:  0.1%
Files: 6/36, data:  0.1%
Files: 7/36, data:  0.1%
Files: 8/36, data:  0.1%
Files: 9/36, data:  0.1%
Files: 10/36, data:  0.1%
Files: 11/36, data:  0.1%
Files: 12/36, data:  0.1%
Files: 13/36, data:  0.1%
Files: 14/36, data:  0.1%
Files: 15/36, data:  0.2%
Files: 16/36, data:  0.2%
Files: 17/36, data:  0.2%
Files: 18/36, data:  0.2%
Files: 19/36, data:  0.2%
Files: 20/36, data:  0.2%
Files: 21/36, data:  0.2%
Files: 22/36, data:  0.2%
Files: 23/36, data:  0.2%
Files: 24/36, data:  0.3%
Files: 25/36, data:  0.3%
Files: 26/36, data:  0.3%
Files: 27/36, data:  0.3%
Files: 28/36, data:  0.3%
Files: 29/36, data:  0.3%
Files: 30/36, data:  0.3%
Files: 31/36, data:  0.3%
Files: 32/36, data:  0.4%
Files: 33/36, data:  0.4%
Files: 34/36, data:  0.4%
Files: 35/36, data:  0.8%
Files: 36/36, data:  1.0%
Files: 36/36, data:  2.0%
Files: 36/36, data:  3.0%
Files: 36/36, data:  4.0%
Files: 36/36, data:  5.0%
Files: 36/36, data:  6.0%
Files: 36/36, data:  7.0%
Files: 36/36, data:  8.0%
Files: 36/36, data:  9.0%
Files: 36/36, data: 10.0%
Files: 36/36, data: 11.0%
Files: 36/36, data: 12.0%
Files: 36/36, data: 13.0%
Files: 36/36, data: 14.0%
Files: 36/36, data: 15.0%
Files: 36/36, data: 16.0%
Files: 36/36, data: 17.0%
Files: 36/36, data: 18.0%
Files: 36/36, data: 19.0%
Files: 36/36, data: 20.0%
Files: 36/36, data: 21.0%
Files: 36/36, data: 22.0%
Files: 36/36, data: 23.0%
Files: 36/36, data: 24.0%
Files: 36/36, data: 25.0%
Files: 36/36, data: 26.0%
Files: 36/36, data: 27.0%
Files: 36/36, data: 28.0%
Files: 36/36, data: 29.0%
Files: 36/36, data: 30.0%
Files: 36/36, data: 31.0%
Files: 36/36, data: 32.0%
Files: 36/36, data: 33.0%
Files: 36/36, data: 34.0%
Files: 36/36, data: 35.0%
Files: 36/36, data: 36.0%
Files: 36/36, data: 37.0%
Files: 36/36, data: 38.0%
Files: 36/36, data: 39.0%
Files: 36/36, data: 40.0%
Files: 36/36, data: 41.0%
Files: 36/36, data: 42.0%
Files: 36/36, data: 43.0%
Files: 36/36, data: 44.0%
Files: 36/36, data: 45.0%
Files: 36/36, data: 46.0%
Files: 36/36, data: 47.0%
Files: 36/36, data: 48.0%
Files: 36/36, data: 49.0%
Files: 36/36, data: 50.0%
Files: 36/36, data: 51.0%
Files: 36/36, data: 52.0%
Files: 36/36, data: 53.0%
Files: 36/36, data: 54.0%
Files: 36/36, data: 55.0%
Files: 36/36, data: 56.0%
Files: 36/36, data: 57.0%
Files: 36/36, data: 58.0%
Files: 36/36, data: 59.0%
Files: 36/36, data: 60.0%
Files: 36/36, data: 61.0%
Files: 36/36, data: 62.0%
Files: 36/36, data: 63.0%
Files: 36/36, data: 64.0%
Files: 36/36, data: 65.0%
Files: 36/36, data: 66.0%
Files: 36/36, data: 67.0%
Files: 36/36, data: 68.0%
Files: 36/36, data: 69.0%
Files: 36/36, data: 70.0%
Files: 36/36, data: 71.0%
Files: 36/36, data: 72.0%
Files: 36/36, data: 73.0%
Files: 36/36, data: 74.0%
Files: 36/36, data: 75.0%
Files: 36/36, data: 76.0%
Files: 36/36, data: 77.0%
Files: 36/36, data: 78.0%
Files: 36/36, data: 79.0%
Files: 36/36, data: 80.0%
Files: 36/36, data: 81.0%
Files: 36/36, data: 82.0%
Files: 36/36, data: 83.0%
Files: 36/36, data: 84.0%
Files: 36/36, data: 85.0%
Files: 36/36, data: 86.0%
Files: 36/36, data: 87.0%
Files: 36/36, data: 88.0%
Files: 36/36, data: 89.0%
Files: 36/36, data: 90.0%
Files: 36/36, data: 91.0%
Files: 36/36, data: 92.0%
Files: 36/36, data: 93.0%
Files: 36/36, data: 94.0%
Files: 36/36, data: 95.0%
Files: 36/36, data: 96.0%
Files: 36/36, data: 97.0%
Files: 36/36, data: 98.0%
Files: 36/36, data: 99.0%
Files: 36/36, data: 100.0%
Files: 36/36, data: 100.0%
Done: 36 files, 258.0MiB processed in 2.006 seconds.
2026-06-14 04:46:32.819+0000 INFO  [o.n.c.d.DumpCommand] Dump completed successfully
2026-06-14 06:46:33 [SUCCESS] Backup created: /home/weiss/git/hugo-chemie-lernen-org/backups/neo4j/chemie_knowledge_backup_20260614_064559.dump (72K)
2026-06-14 06:46:33 [INFO] Restarting Neo4j container...
2026-06-14 06:46:39 [SUCCESS] Backup verification passed
2026-06-14 06:46:39 [INFO] Cleaning up old backups...
2026-06-14 06:46:39 [SUCCESS] Cleanup completed
2026-06-14 06:46:39 [SUCCESS] Backup process completed successfully
2026-06-14 06:46:39 [INFO] === Neo4j Backup: leads-neo4j/neo4j ===
2026-06-14 06:46:39 [INFO] Checking prerequisites...
2026-06-14 06:46:39 [SUCCESS] Prerequisites OK
2026-06-14 06:46:39 [INFO] Creating backup: leads_knowledge_backup_20260614_064639.dump
2026-06-14 06:46:39 [INFO] Stopping Neo4j service for backup...
Stopping Neo4j............Error response from daemon: container 10df87ed4ec7b84f261e9673f3d7264accae862efe12b7851f2a366f2a7a4465 is not running
2026-06-14 06:47:03 [ERROR] Backup failed
2026-06-14 06:47:03 [INFO] Restarting Neo4j container...
2026-06-14 06:47:09 [ERROR] Backup process failed
=== Complete: chemie=0, leads=1 ===
=== Chemie Backup: Mon Jun 15 02:30:01 CEST 2026 ===
2026-06-15 02:30:01 [INFO] === Neo4j Backup: chemie-neo4j/chemie ===
2026-06-15 02:30:01 [INFO] Checking prerequisites...
2026-06-15 02:30:01 [SUCCESS] Prerequisites OK
2026-06-15 02:30:01 [INFO] Creating backup: chemie_knowledge_backup_20260615_023001.dump
2026-06-15 02:30:01 [INFO] Stopping Neo4j service for backup...
Stopping Neo4j.......2026-06-15 00:30:25.661+0000 INFO  [o.n.c.d.DumpCommand] Starting dump of database 'chemie'

Files: 1/36, data:  0.0%
Files: 1/36, data:  0.0%
Files: 2/36, data:  0.0%
Files: 3/36, data:  0.0%
Files: 4/36, data:  0.0%
Files: 5/36, data:  0.1%
Files: 6/36, data:  0.1%
Files: 7/36, data:  0.1%
Files: 8/36, data:  0.1%
Files: 9/36, data:  0.1%
Files: 10/36, data:  0.1%
Files: 11/36, data:  0.1%
Files: 12/36, data:  0.1%
Files: 13/36, data:  0.1%
Files: 14/36, data:  0.1%
Files: 15/36, data:  0.2%
Files: 16/36, data:  0.2%
Files: 17/36, data:  0.2%
Files: 18/36, data:  0.2%
Files: 19/36, data:  0.2%
Files: 20/36, data:  0.2%
Files: 21/36, data:  0.2%
Files: 22/36, data:  0.2%
Files: 23/36, data:  0.2%
Files: 24/36, data:  0.3%
Files: 25/36, data:  0.3%
Files: 26/36, data:  0.3%
Files: 27/36, data:  0.3%
Files: 28/36, data:  0.3%
Files: 29/36, data:  0.3%
Files: 30/36, data:  0.3%
Files: 31/36, data:  0.3%
Files: 32/36, data:  0.4%
Files: 33/36, data:  0.4%
Files: 34/36, data:  0.4%
Files: 35/36, data:  0.8%
Files: 36/36, data:  1.0%
Files: 36/36, data:  2.0%
Files: 36/36, data:  3.0%
Files: 36/36, data:  4.0%
Files: 36/36, data:  5.0%
Files: 36/36, data:  6.0%
Files: 36/36, data:  7.0%
Files: 36/36, data:  8.0%
Files: 36/36, data:  9.0%
Files: 36/36, data: 10.0%
Files: 36/36, data: 11.0%
Files: 36/36, data: 12.0%
Files: 36/36, data: 13.0%
Files: 36/36, data: 14.0%
Files: 36/36, data: 15.0%
Files: 36/36, data: 16.0%
Files: 36/36, data: 17.0%
Files: 36/36, data: 18.0%
Files: 36/36, data: 19.0%
Files: 36/36, data: 20.0%
Files: 36/36, data: 21.0%
Files: 36/36, data: 22.0%
Files: 36/36, data: 23.0%
Files: 36/36, data: 24.0%
Files: 36/36, data: 25.0%
Files: 36/36, data: 26.0%
Files: 36/36, data: 27.0%
Files: 36/36, data: 28.0%
Files: 36/36, data: 29.0%
Files: 36/36, data: 30.0%
Files: 36/36, data: 31.0%
Files: 36/36, data: 32.0%
Files: 36/36, data: 33.0%
Files: 36/36, data: 34.0%
Files: 36/36, data: 35.0%
Files: 36/36, data: 36.0%
Files: 36/36, data: 37.0%
Files: 36/36, data: 38.0%
Files: 36/36, data: 39.0%
Files: 36/36, data: 40.0%
Files: 36/36, data: 41.0%
Files: 36/36, data: 42.0%
Files: 36/36, data: 43.0%
Files: 36/36, data: 44.0%
Files: 36/36, data: 45.0%
Files: 36/36, data: 46.0%
Files: 36/36, data: 47.0%
Files: 36/36, data: 48.0%
Files: 36/36, data: 49.0%
Files: 36/36, data: 50.0%
Files: 36/36, data: 51.0%
Files: 36/36, data: 52.0%
Files: 36/36, data: 53.0%
Files: 36/36, data: 54.0%
Files: 36/36, data: 55.0%
Files: 36/36, data: 56.0%
Files: 36/36, data: 57.0%
Files: 36/36, data: 58.0%
Files: 36/36, data: 59.0%
Files: 36/36, data: 60.0%
Files: 36/36, data: 61.0%
Files: 36/36, data: 62.0%
Files: 36/36, data: 63.0%
Files: 36/36, data: 64.0%
Files: 36/36, data: 65.0%
Files: 36/36, data: 66.0%
Files: 36/36, data: 67.0%
Files: 36/36, data: 68.0%
Files: 36/36, data: 69.0%
Files: 36/36, data: 70.0%
Files: 36/36, data: 71.0%
Files: 36/36, data: 72.0%
Files: 36/36, data: 73.0%
Files: 36/36, data: 74.0%
Files: 36/36, data: 75.0%
Files: 36/36, data: 76.0%
Files: 36/36, data: 77.0%
Files: 36/36, data: 78.0%
Files: 36/36, data: 79.0%
Files: 36/36, data: 80.0%
Files: 36/36, data: 81.0%
Files: 36/36, data: 82.0%
Files: 36/36, data: 83.0%
Files: 36/36, data: 84.0%
Files: 36/36, data: 85.0%
Files: 36/36, data: 86.0%
Files: 36/36, data: 87.0%
Files: 36/36, data: 88.0%
Files: 36/36, data: 89.0%
Files: 36/36, data: 90.0%
Files: 36/36, data: 91.0%
Files: 36/36, data: 92.0%
Files: 36/36, data: 93.0%
Files: 36/36, data: 94.0%
Files: 36/36, data: 95.0%
Files: 36/36, data: 96.0%
Files: 36/36, data: 97.0%
Files: 36/36, data: 98.0%
Files: 36/36, data: 99.0%
Files: 36/36, data: 100.0%
Files: 36/36, data: 100.0%
Done: 36 files, 258.0MiB processed in 0.648 seconds.
2026-06-15 00:30:27.294+0000 INFO  [o.n.c.d.DumpCommand] Dump completed successfully
2026-06-15 02:30:27 [SUCCESS] Backup created: /home/weiss/git/hugo-chemie-lernen-org/backups/neo4j/chemie_knowledge_backup_20260615_023001.dump (72K)
2026-06-15 02:30:27 [INFO] Restarting Neo4j container...
2026-06-15 02:30:34 [SUCCESS] Backup verification passed
2026-06-15 02:30:34 [INFO] Cleaning up old backups...
2026-06-15 02:30:34 [SUCCESS] Cleanup completed
2026-06-15 02:30:34 [SUCCESS] Backup process completed successfully
2026-06-15 02:30:34 [INFO] === Neo4j Backup: leads-neo4j/neo4j ===
2026-06-15 02:30:34 [INFO] Checking prerequisites...
2026-06-15 02:30:34 [SUCCESS] Prerequisites OK
2026-06-15 02:30:34 [INFO] Creating backup: leads_knowledge_backup_20260615_023034.dump
2026-06-15 02:30:34 [INFO] Stopping Neo4j service for backup...
Stopping Neo4j.......Error response from daemon: container 10df87ed4ec7b84f261e9673f3d7264accae862efe12b7851f2a366f2a7a4465 is not running
2026-06-15 02:30:52 [ERROR] Backup failed
2026-06-15 02:30:52 [INFO] Restarting Neo4j container...
2026-06-15 02:30:57 [ERROR] Backup process failed
=== Complete: chemie=0, leads=1 ===
=== Chemie Backup: Tue Jun 16 02:30:01 CEST 2026 ===
2026-06-16 02:30:01 [INFO] === Neo4j Backup: chemie-neo4j/chemie ===
2026-06-16 02:30:01 [INFO] Checking prerequisites...
2026-06-16 02:30:01 [SUCCESS] Prerequisites OK
2026-06-16 02:30:01 [INFO] Creating backup: chemie_knowledge_backup_20260616_023001.dump
2026-06-16 02:30:01 [INFO] Stopping Neo4j service for backup...
Stopping Neo4j.......2026-06-16 00:30:25.026+0000 INFO  [o.n.c.d.DumpCommand] Starting dump of database 'chemie'

Files: 1/36, data:  0.0%
Files: 1/36, data:  0.0%
Files: 2/36, data:  0.1%
Files: 3/36, data:  0.1%
Files: 4/36, data:  0.1%
Files: 5/36, data:  0.1%
Files: 6/36, data:  0.1%
Files: 7/36, data:  0.1%
Files: 8/36, data:  0.1%
Files: 9/36, data:  0.1%
Files: 10/36, data:  0.1%
Files: 11/36, data:  0.1%
Files: 12/36, data:  0.2%
Files: 13/36, data:  0.2%
Files: 14/36, data:  0.2%
Files: 15/36, data:  0.2%
Files: 16/36, data:  0.2%
Files: 17/36, data:  0.2%
Files: 18/36, data:  0.2%
Files: 19/36, data:  0.2%
Files: 20/36, data:  0.3%
Files: 21/36, data:  0.3%
Files: 22/36, data:  0.3%
Files: 23/36, data:  0.3%
Files: 24/36, data:  0.3%
Files: 25/36, data:  0.3%
Files: 26/36, data:  0.3%
Files: 27/36, data:  0.3%
Files: 28/36, data:  0.3%
Files: 29/36, data:  0.4%
Files: 30/36, data:  0.4%
Files: 31/36, data:  0.4%
Files: 32/36, data:  0.4%
Files: 33/36, data:  0.4%
Files: 34/36, data:  0.4%
Files: 35/36, data:  0.8%
Files: 36/36, data:  1.0%
Files: 36/36, data:  2.0%
Files: 36/36, data:  3.0%
Files: 36/36, data:  4.0%
Files: 36/36, data:  5.0%
Files: 36/36, data:  6.0%
Files: 36/36, data:  7.0%
Files: 36/36, data:  8.0%
Files: 36/36, data:  9.0%
Files: 36/36, data: 10.0%
Files: 36/36, data: 11.0%
Files: 36/36, data: 12.0%
Files: 36/36, data: 13.0%
Files: 36/36, data: 14.0%
Files: 36/36, data: 15.0%
Files: 36/36, data: 16.0%
Files: 36/36, data: 17.0%
Files: 36/36, data: 18.0%
Files: 36/36, data: 19.0%
Files: 36/36, data: 20.0%
Files: 36/36, data: 21.0%
Files: 36/36, data: 22.0%
Files: 36/36, data: 23.0%
Files: 36/36, data: 24.0%
Files: 36/36, data: 25.0%
Files: 36/36, data: 26.0%
Files: 36/36, data: 27.0%
Files: 36/36, data: 28.0%
Files: 36/36, data: 29.0%
Files: 36/36, data: 30.0%
Files: 36/36, data: 31.0%
Files: 36/36, data: 32.0%
Files: 36/36, data: 33.0%
Files: 36/36, data: 34.0%
Files: 36/36, data: 35.0%
Files: 36/36, data: 36.0%
Files: 36/36, data: 37.0%
Files: 36/36, data: 38.0%
Files: 36/36, data: 39.0%
Files: 36/36, data: 40.0%
Files: 36/36, data: 41.0%
Files: 36/36, data: 42.0%
Files: 36/36, data: 43.0%
Files: 36/36, data: 44.0%
Files: 36/36, data: 45.0%
Files: 36/36, data: 46.0%
Files: 36/36, data: 47.0%
Files: 36/36, data: 48.0%
Files: 36/36, data: 49.0%
Files: 36/36, data: 50.0%
Files: 36/36, data: 51.0%
Files: 36/36, data: 52.0%
Files: 36/36, data: 53.0%
Files: 36/36, data: 54.0%
Files: 36/36, data: 55.0%
Files: 36/36, data: 56.0%
Files: 36/36, data: 57.0%
Files: 36/36, data: 58.0%
Files: 36/36, data: 59.0%
Files: 36/36, data: 60.0%
Files: 36/36, data: 61.0%
Files: 36/36, data: 62.0%
Files: 36/36, data: 63.0%
Files: 36/36, data: 64.0%
Files: 36/36, data: 65.0%
Files: 36/36, data: 66.0%
Files: 36/36, data: 67.0%
Files: 36/36, data: 68.0%
Files: 36/36, data: 69.0%
Files: 36/36, data: 70.0%
Files: 36/36, data: 71.0%
Files: 36/36, data: 72.0%
Files: 36/36, data: 73.0%
Files: 36/36, data: 74.0%
Files: 36/36, data: 75.0%
Files: 36/36, data: 76.0%
Files: 36/36, data: 77.0%
Files: 36/36, data: 78.0%
Files: 36/36, data: 79.0%
Files: 36/36, data: 80.0%
Files: 36/36, data: 81.0%
Files: 36/36, data: 82.0%
Files: 36/36, data: 83.0%
Files: 36/36, data: 84.0%
Files: 36/36, data: 85.0%
Files: 36/36, data: 86.0%
Files: 36/36, data: 87.0%
Files: 36/36, data: 88.0%
Files: 36/36, data: 89.0%
Files: 36/36, data: 90.0%
Files: 36/36, data: 91.0%
Files: 36/36, data: 92.0%
Files: 36/36, data: 93.0%
Files: 36/36, data: 94.0%
Files: 36/36, data: 95.0%
Files: 36/36, data: 96.0%
Files: 36/36, data: 97.0%
Files: 36/36, data: 98.0%
Files: 36/36, data: 99.0%
Files: 36/36, data: 100.0%
Files: 36/36, data: 100.0%
Done: 36 files, 258.1MiB processed in 0.480 seconds.
2026-06-16 00:30:26.384+0000 INFO  [o.n.c.d.DumpCommand] Dump completed successfully
2026-06-16 02:30:26 [SUCCESS] Backup created: /home/weiss/git/hugo-chemie-lernen-org/backups/neo4j/chemie_knowledge_backup_20260616_023001.dump (200K)
2026-06-16 02:30:26 [INFO] Restarting Neo4j container...
2026-06-16 02:30:33 [SUCCESS] Backup verification passed
2026-06-16 02:30:33 [INFO] Cleaning up old backups...
2026-06-16 02:30:33 [SUCCESS] Cleanup completed
2026-06-16 02:30:33 [SUCCESS] Backup process completed successfully
2026-06-16 02:30:33 [INFO] === Neo4j Backup: leads-neo4j/neo4j ===
2026-06-16 02:30:33 [INFO] Checking prerequisites...
2026-06-16 02:30:33 [SUCCESS] Prerequisites OK
2026-06-16 02:30:33 [INFO] Creating backup: leads_knowledge_backup_20260616_023033.dump
2026-06-16 02:30:33 [INFO] Stopping Neo4j service for backup...
Stopping Neo4j.......2026-06-16 00:30:57.033+0000 INFO  [o.n.c.d.DumpCommand] Starting dump of database 'neo4j'

Files: 1/42, data:  0.0%
Files: 1/42, data:  0.0%
Files: 2/42, data:  0.6%
Files: 3/42, data:  0.6%
Files: 4/42, data:  0.6%
Files: 5/42, data:  0.6%
Files: 6/42, data:  0.6%
Files: 7/42, data:  0.6%
Files: 8/42, data:  0.7%
Files: 9/42, data:  0.7%
Files: 10/42, data:  0.7%
Files: 11/42, data:  0.7%
Files: 12/42, data:  0.8%
Files: 13/42, data:  0.8%
Files: 14/42, data:  0.9%
Files: 15/42, data:  0.9%
Files: 16/42, data:  1.0%
Files: 17/42, data:  1.0%
Files: 18/42, data:  1.0%
Files: 18/42, data:  1.1%
Files: 19/42, data:  1.1%
Files: 20/42, data:  1.1%
Files: 21/42, data:  1.1%
Files: 22/42, data:  1.1%
Files: 23/42, data:  1.2%
Files: 24/42, data:  1.2%
Files: 25/42, data:  1.2%
Files: 26/42, data:  2.0%
Files: 26/42, data:  2.2%
Files: 27/42, data:  2.2%
Files: 28/42, data:  2.2%
Files: 29/42, data:  2.2%
Files: 30/42, data:  2.2%
Files: 31/42, data:  2.2%
Files: 32/42, data:  2.2%
Files: 33/42, data:  2.4%
Files: 34/42, data:  2.5%
Files: 35/42, data:  2.5%
Files: 36/42, data:  2.5%
Files: 37/42, data:  2.5%
Files: 38/42, data:  2.5%
Files: 39/42, data:  2.5%
Files: 40/42, data:  2.5%
Files: 41/42, data:  2.9%
Files: 42/42, data:  3.0%
Files: 42/42, data:  4.0%
Files: 42/42, data:  5.0%
Files: 42/42, data:  6.0%
Files: 42/42, data:  7.0%
Files: 42/42, data:  8.0%
Files: 42/42, data:  9.0%
Files: 42/42, data: 10.0%
Files: 42/42, data: 11.0%
Files: 42/42, data: 12.0%
Files: 42/42, data: 13.0%
Files: 42/42, data: 14.0%
Files: 42/42, data: 15.0%
Files: 42/42, data: 16.0%
Files: 42/42, data: 17.0%
Files: 42/42, data: 18.0%
Files: 42/42, data: 19.0%
Files: 42/42, data: 20.0%
Files: 42/42, data: 21.0%
Files: 42/42, data: 22.0%
Files: 42/42, data: 23.0%
Files: 42/42, data: 24.0%
Files: 42/42, data: 25.0%
Files: 42/42, data: 26.0%
Files: 42/42, data: 27.0%
Files: 42/42, data: 28.0%
Files: 42/42, data: 29.0%
Files: 42/42, data: 30.0%
Files: 42/42, data: 31.0%
Files: 42/42, data: 32.0%
Files: 42/42, data: 33.0%
Files: 42/42, data: 34.0%
Files: 42/42, data: 35.0%
Files: 42/42, data: 36.0%
Files: 42/42, data: 37.0%
Files: 42/42, data: 38.0%
Files: 42/42, data: 39.0%
Files: 42/42, data: 40.0%
Files: 42/42, data: 41.0%
Files: 42/42, data: 42.0%
Files: 42/42, data: 43.0%
Files: 42/42, data: 44.0%
Files: 42/42, data: 45.0%
Files: 42/42, data: 46.0%
Files: 42/42, data: 47.0%
Files: 42/42, data: 48.0%
Files: 42/42, data: 49.0%
Files: 42/42, data: 50.0%
Files: 42/42, data: 51.0%
Files: 42/42, data: 52.0%
Files: 42/42, data: 53.0%
Files: 42/42, data: 54.0%
Files: 42/42, data: 55.0%
Files: 42/42, data: 56.0%
Files: 42/42, data: 57.0%
Files: 42/42, data: 58.0%
Files: 42/42, data: 59.0%
Files: 42/42, data: 60.0%
Files: 42/42, data: 61.0%
Files: 42/42, data: 62.0%
Files: 42/42, data: 63.0%
Files: 42/42, data: 64.0%
Files: 42/42, data: 65.0%
Files: 42/42, data: 66.0%
Files: 42/42, data: 67.0%
Files: 42/42, data: 68.0%
Files: 42/42, data: 69.0%
Files: 42/42, data: 70.0%
Files: 42/42, data: 71.0%
Files: 42/42, data: 72.0%
Files: 42/42, data: 73.0%
Files: 42/42, data: 74.0%
Files: 42/42, data: 75.0%
Files: 42/42, data: 76.0%
Files: 42/42, data: 77.0%
Files: 42/42, data: 78.0%
Files: 42/42, data: 79.0%
Files: 42/42, data: 80.0%
Files: 42/42, data: 81.0%
Files: 42/42, data: 82.0%
Files: 42/42, data: 83.0%
Files: 42/42, data: 84.0%
Files: 42/42, data: 85.0%
Files: 42/42, data: 86.0%
Files: 42/42, data: 87.0%
Files: 42/42, data: 88.0%
Files: 42/42, data: 89.0%
Files: 42/42, data: 90.0%
Files: 42/42, data: 91.0%
Files: 42/42, data: 92.0%
Files: 42/42, data: 93.0%
Files: 42/42, data: 94.0%
Files: 42/42, data: 95.0%
Files: 42/42, data: 96.0%
Files: 42/42, data: 97.0%
Files: 42/42, data: 98.0%
Files: 42/42, data: 99.0%
Files: 42/42, data: 100.0%
Files: 42/42, data: 100.0%
Done: 42 files, 263.7MiB processed in 0.660 seconds.
2026-06-16 00:30:58.923+0000 INFO  [o.n.c.d.DumpCommand] Dump completed successfully
2026-06-16 02:30:59 [SUCCESS] Backup created: /home/weiss/git/hugo-chemie-lernen-org/backups/neo4j-leads/leads_knowledge_backup_20260616_023033.dump (3.8M)
2026-06-16 02:30:59 [INFO] Restarting Neo4j container...
2026-06-16 02:31:05 [SUCCESS] Backup verification passed
2026-06-16 02:31:05 [INFO] Cleaning up old backups...
2026-06-16 02:31:05 [SUCCESS] Cleanup completed
2026-06-16 02:31:05 [SUCCESS] Backup process completed successfully
=== Complete: chemie=0, leads=0 ===
=== Chemie Backup: Wed Jun 17 02:30:01 CEST 2026 ===
2026-06-17 02:30:01 [INFO] === Neo4j Backup: chemie-neo4j/chemie ===
2026-06-17 02:30:01 [INFO] Checking prerequisites...
2026-06-17 02:30:01 [SUCCESS] Prerequisites OK
2026-06-17 02:30:01 [INFO] Creating backup: chemie_knowledge_backup_20260617_023001.dump
2026-06-17 02:30:01 [INFO] Stopping Neo4j service for backup...
Stopping Neo4j.......2026-06-17 00:30:26.571+0000 INFO  [o.n.c.d.DumpCommand] Starting dump of database 'chemie'

Files: 1/235, data:  0.0%
Files: 1/235, data:  0.0%
Files: 2/235, data:  0.1%
Files: 3/235, data:  0.1%
Files: 4/235, data:  0.1%
Files: 5/235, data:  0.1%
Files: 6/235, data:  0.1%
Files: 7/235, data:  0.1%
Files: 8/235, data:  0.1%
Files: 9/235, data:  0.1%
Files: 10/235, data:  0.1%
Files: 11/235, data:  0.1%
Files: 12/235, data:  0.2%
Files: 13/235, data:  0.2%
Files: 14/235, data:  0.2%
Files: 15/235, data:  0.2%
Files: 16/235, data:  0.2%
Files: 17/235, data:  0.2%
Files: 18/235, data:  0.2%
Files: 19/235, data:  0.2%
Files: 20/235, data:  0.2%
Files: 21/235, data:  0.2%
Files: 22/235, data:  0.2%
Files: 23/235, data:  0.2%
Files: 24/235, data:  0.2%
Files: 25/235, data:  0.2%
Files: 26/235, data:  0.2%
Files: 27/235, data:  0.2%
Files: 28/235, data:  0.2%
Files: 29/235, data:  0.2%
Files: 30/235, data:  0.2%
Files: 31/235, data:  0.2%
Files: 32/235, data:  0.2%
Files: 33/235, data:  0.2%
Files: 34/235, data:  0.2%
Files: 35/235, data:  0.2%
Files: 36/235, data:  0.2%
Files: 37/235, data:  0.2%
Files: 38/235, data:  0.2%
Files: 39/235, data:  0.2%
Files: 40/235, data:  0.2%
Files: 41/235, data:  0.2%
Files: 42/235, data:  0.2%
Files: 43/235, data:  0.2%
Files: 44/235, data:  0.2%
Files: 45/235, data:  0.2%
Files: 46/235, data:  0.2%
Files: 47/235, data:  0.3%
Files: 48/235, data:  0.3%
Files: 49/235, data:  0.3%
Files: 50/235, data:  0.3%
Files: 51/235, data:  0.3%
Files: 52/235, data:  0.3%
Files: 53/235, data:  0.6%
Files: 54/235, data:  0.6%
Files: 55/235, data:  0.6%
Files: 56/235, data:  0.6%
Files: 57/235, data:  0.6%
Files: 58/235, data:  0.6%
Files: 59/235, data:  0.6%
Files: 60/235, data:  0.6%
Files: 61/235, data:  0.6%
Files: 62/235, data:  0.6%
Files: 63/235, data:  0.6%
Files: 64/235, data:  0.6%
Files: 65/235, data:  0.6%
Files: 66/235, data:  0.6%
Files: 67/235, data:  0.7%
Files: 68/235, data:  0.7%
Files: 69/235, data:  0.7%
Files: 70/235, data:  0.7%
Files: 71/235, data:  0.7%
Files: 72/235, data:  0.7%
Files: 73/235, data:  0.7%
Files: 74/235, data:  0.7%
Files: 75/235, data:  0.7%
Files: 76/235, data:  0.7%
Files: 77/235, data:  0.7%
Files: 78/235, data:  0.7%
Files: 79/235, data:  0.7%
Files: 80/235, data:  0.7%
Files: 81/235, data:  0.7%
Files: 82/235, data:  0.7%
Files: 83/235, data:  0.7%
Files: 84/235, data:  0.7%
Files: 85/235, data:  0.7%
Files: 86/235, data:  0.7%
Files: 87/235, data:  0.7%
Files: 88/235, data:  0.7%
Files: 89/235, data:  0.7%
Files: 90/235, data:  0.7%
Files: 91/235, data:  0.7%
Files: 92/235, data:  0.7%
Files: 93/235, data:  0.7%
Files: 94/235, data:  0.7%
Files: 95/235, data:  0.7%
Files: 96/235, data:  0.7%
Files: 97/235, data:  0.7%
Files: 98/235, data:  0.7%
Files: 99/235, data:  0.7%
Files: 100/235, data:  0.7%
Files: 101/235, data:  0.8%
Files: 102/235, data:  0.8%
Files: 103/235, data:  0.8%
Files: 104/235, data:  0.8%
Files: 105/235, data:  0.8%
Files: 106/235, data:  0.8%
Files: 107/235, data:  0.8%
Files: 108/235, data:  0.8%
Files: 109/235, data:  1.0%
Files: 109/235, data:  1.1%
Files: 110/235, data:  1.1%
Files: 111/235, data:  1.1%
Files: 112/235, data:  1.1%
Files: 113/235, data:  1.5%
Files: 114/235, data:  1.5%
Files: 115/235, data:  1.5%
Files: 116/235, data:  1.5%
Files: 117/235, data:  1.5%
Files: 118/235, data:  1.5%
Files: 119/235, data:  1.8%
Files: 120/235, data:  1.8%
Files: 121/235, data:  2.0%
Files: 121/235, data:  2.2%
Files: 122/235, data:  2.2%
Files: 123/235, data:  2.2%
Files: 124/235, data:  2.2%
Files: 125/235, data:  2.2%
Files: 126/235, data:  2.2%
Files: 127/235, data:  2.2%
Files: 128/235, data:  2.5%
Files: 129/235, data:  2.6%
Files: 130/235, data:  2.6%
Files: 131/235, data:  2.6%
Files: 132/235, data:  2.6%
Files: 133/235, data:  2.6%
Files: 134/235, data:  2.6%
Files: 135/235, data:  2.6%
Files: 136/235, data:  2.6%
Files: 137/235, data:  2.6%
Files: 138/235, data:  2.6%
Files: 139/235, data:  2.6%
Files: 140/235, data:  2.6%
Files: 141/235, data:  2.6%
Files: 142/235, data:  2.6%
Files: 143/235, data:  2.6%
Files: 144/235, data:  2.6%
Files: 145/235, data:  2.6%
Files: 146/235, data:  2.6%
Files: 147/235, data:  2.6%
Files: 148/235, data:  2.9%
Files: 149/235, data:  2.9%
Files: 150/235, data:  2.9%
Files: 151/235, data:  2.9%
Files: 152/235, data:  2.9%
Files: 153/235, data:  2.9%
Files: 154/235, data:  2.9%
Files: 155/235, data:  2.9%
Files: 156/235, data:  2.9%
Files: 157/235, data:  2.9%
Files: 158/235, data:  2.9%
Files: 159/235, data:  3.0%
Files: 160/235, data:  3.0%
Files: 161/235, data:  3.0%
Files: 162/235, data:  3.0%
Files: 163/235, data:  3.0%
Files: 164/235, data:  3.0%
Files: 165/235, data:  3.0%
Files: 166/235, data:  3.0%
Files: 167/235, data:  3.0%
Files: 168/235, data:  3.0%
Files: 169/235, data:  3.0%
Files: 170/235, data:  3.0%
Files: 171/235, data:  3.0%
Files: 172/235, data:  3.0%
Files: 173/235, data:  3.0%
Files: 174/235, data:  3.0%
Files: 175/235, data:  3.0%
Files: 176/235, data:  3.0%
Files: 177/235, data:  3.0%
Files: 178/235, data:  3.0%
Files: 179/235, data:  3.0%
Files: 180/235, data:  3.0%
Files: 181/235, data:  3.0%
Files: 182/235, data:  3.0%
Files: 183/235, data:  3.0%
Files: 184/235, data:  3.0%
Files: 185/235, data:  3.0%
Files: 185/235, data:  3.0%
Files: 186/235, data:  3.0%
Files: 187/235, data:  3.0%
Files: 188/235, data:  3.1%
Files: 189/235, data:  3.1%
Files: 190/235, data:  3.1%
Files: 191/235, data:  3.1%
Files: 192/235, data:  3.1%
Files: 193/235, data:  3.1%
Files: 194/235, data:  3.2%
Files: 195/235, data:  3.2%
Files: 196/235, data:  3.2%
Files: 197/235, data:  3.2%
Files: 198/235, data:  3.2%
Files: 199/235, data:  3.2%
Files: 200/235, data:  3.2%
Files: 201/235, data:  3.2%
Files: 202/235, data:  3.3%
Files: 203/235, data:  3.3%
Files: 204/235, data:  3.3%
Files: 205/235, data:  3.3%
Files: 206/235, data:  3.3%
Files: 207/235, data:  3.3%
Files: 208/235, data:  3.3%
Files: 209/235, data:  3.4%
Files: 210/235, data:  3.4%
Files: 211/235, data:  3.4%
Files: 212/235, data:  3.4%
Files: 213/235, data:  3.4%
Files: 214/235, data:  3.4%
Files: 215/235, data:  3.4%
Files: 216/235, data:  3.5%
Files: 217/235, data:  4.0%
Files: 217/235, data:  5.0%
Files: 217/235, data:  6.0%
Files: 217/235, data:  7.0%
Files: 217/235, data:  8.0%
Files: 217/235, data:  8.1%
Files: 218/235, data:  8.2%
Files: 219/235, data:  8.3%
Files: 220/235, data:  8.3%
Files: 221/235, data:  8.3%
Files: 222/235, data:  8.3%
Files: 223/235, data:  8.4%
Files: 224/235, data:  8.4%
Files: 225/235, data:  8.4%
Files: 226/235, data:  8.4%
Files: 227/235, data:  8.4%
Files: 228/235, data:  8.4%
Files: 229/235, data:  8.5%
Files: 230/235, data:  8.5%
Files: 231/235, data:  8.5%
Files: 232/235, data:  8.5%
Files: 233/235, data:  8.5%
Files: 234/235, data:  8.9%
Files: 235/235, data:  9.0%
Files: 235/235, data: 10.0%
Files: 235/235, data: 11.0%
Files: 235/235, data: 12.0%
Files: 235/235, data: 13.0%
Files: 235/235, data: 14.0%
Files: 235/235, data: 15.0%
Files: 235/235, data: 16.0%
Files: 235/235, data: 17.0%
Files: 235/235, data: 18.0%
Files: 235/235, data: 19.0%
Files: 235/235, data: 20.0%
Files: 235/235, data: 21.0%
Files: 235/235, data: 22.0%
Files: 235/235, data: 23.0%
Files: 235/235, data: 24.0%
Files: 235/235, data: 25.0%
Files: 235/235, data: 26.0%
Files: 235/235, data: 27.0%
Files: 235/235, data: 28.0%
Files: 235/235, data: 29.0%
Files: 235/235, data: 30.0%
Files: 235/235, data: 31.0%
Files: 235/235, data: 32.0%
Files: 235/235, data: 33.0%
Files: 235/235, data: 34.0%
Files: 235/235, data: 35.0%
Files: 235/235, data: 36.0%
Files: 235/235, data: 37.0%
Files: 235/235, data: 38.0%
Files: 235/235, data: 39.0%
Files: 235/235, data: 40.0%
Files: 235/235, data: 41.0%
Files: 235/235, data: 42.0%
Files: 235/235, data: 43.0%
Files: 235/235, data: 44.0%
Files: 235/235, data: 45.0%
Files: 235/235, data: 46.0%
Files: 235/235, data: 47.0%
Files: 235/235, data: 48.0%
Files: 235/235, data: 49.0%
Files: 235/235, data: 50.0%
Files: 235/235, data: 51.0%
Files: 235/235, data: 52.0%
Files: 235/235, data: 53.0%
Files: 235/235, data: 54.0%
Files: 235/235, data: 55.0%
Files: 235/235, data: 56.0%
Files: 235/235, data: 57.0%
Files: 235/235, data: 58.0%
Files: 235/235, data: 59.0%
Files: 235/235, data: 60.0%
Files: 235/235, data: 61.0%
Files: 235/235, data: 62.0%
Files: 235/235, data: 63.0%
Files: 235/235, data: 64.0%
Files: 235/235, data: 65.0%
Files: 235/235, data: 66.0%
Files: 235/235, data: 67.0%
Files: 235/235, data: 68.0%
Files: 235/235, data: 69.0%
Files: 235/235, data: 70.0%
Files: 235/235, data: 71.0%
Files: 235/235, data: 72.0%
Files: 235/235, data: 73.0%
Files: 235/235, data: 74.0%
Files: 235/235, data: 75.0%
Files: 235/235, data: 76.0%
Files: 235/235, data: 77.0%
Files: 235/235, data: 78.0%
Files: 235/235, data: 79.0%
Files: 235/235, data: 80.0%
Files: 235/235, data: 81.0%
Files: 235/235, data: 82.0%
Files: 235/235, data: 83.0%
Files: 235/235, data: 84.0%
Files: 235/235, data: 85.0%
Files: 235/235, data: 86.0%
Files: 235/235, data: 87.0%
Files: 235/235, data: 88.0%
Files: 235/235, data: 89.0%
Files: 235/235, data: 90.0%
Files: 235/235, data: 91.0%
Files: 235/235, data: 92.0%
Files: 235/235, data: 93.0%
Files: 235/235, data: 94.0%
Files: 235/235, data: 95.0%
Files: 235/235, data: 96.0%
Files: 235/235, data: 97.0%
Files: 235/235, data: 98.0%
Files: 235/235, data: 99.0%
Files: 235/235, data: 100.0%
Files: 235/235, data: 100.0%
Done: 235 files, 280.9MiB processed in 1.210 seconds.
2026-06-17 00:30:29.039+0000 INFO  [o.n.c.d.DumpCommand] Dump completed successfully
2026-06-17 02:30:29 [SUCCESS] Backup created: /home/weiss/git/hugo-chemie-lernen-org/backups/neo4j/chemie_knowledge_backup_20260617_023001.dump (23M)
2026-06-17 02:30:29 [INFO] Restarting Neo4j container...
2026-06-17 02:30:35 [SUCCESS] Backup verification passed
2026-06-17 02:30:35 [INFO] Cleaning up old backups...
2026-06-17 02:30:35 [SUCCESS] Cleanup completed
2026-06-17 02:30:35 [SUCCESS] Backup process completed successfully
2026-06-17 02:30:35 [INFO] === Neo4j Backup: leads-neo4j/neo4j ===
2026-06-17 02:30:35 [INFO] Checking prerequisites...
2026-06-17 02:30:35 [SUCCESS] Prerequisites OK
2026-06-17 02:30:35 [INFO] Creating backup: leads_knowledge_backup_20260617_023035.dump
2026-06-17 02:30:35 [INFO] Stopping Neo4j service for backup...
Stopping Neo4j.......2026-06-17 00:30:58.212+0000 INFO  [o.n.c.d.DumpCommand] Starting dump of database 'neo4j'

Files: 1/42, data:  0.0%
Files: 1/42, data:  0.0%
Files: 2/42, data:  0.9%
Files: 3/42, data:  0.9%
Files: 4/42, data:  0.9%
Files: 5/42, data:  0.9%
Files: 6/42, data:  0.9%
Files: 7/42, data:  1.0%
Files: 8/42, data:  1.0%
Files: 8/42, data:  1.1%
Files: 9/42, data:  1.1%
Files: 10/42, data:  1.1%
Files: 11/42, data:  1.1%
Files: 12/42, data:  1.1%
Files: 13/42, data:  1.1%
Files: 14/42, data:  1.4%
Files: 15/42, data:  1.4%
Files: 16/42, data:  1.5%
Files: 17/42, data:  1.5%
Files: 18/42, data:  1.6%
Files: 19/42, data:  1.6%
Files: 20/42, data:  1.6%
Files: 21/42, data:  1.6%
Files: 22/42, data:  1.6%
Files: 23/42, data:  1.7%
Files: 24/42, data:  1.7%
Files: 25/42, data:  1.7%
Files: 26/42, data:  2.0%
Files: 26/42, data:  3.0%
Files: 26/42, data:  3.4%
Files: 27/42, data:  3.4%
Files: 28/42, data:  3.4%
Files: 29/42, data:  3.4%
Files: 30/42, data:  3.5%
Files: 31/42, data:  3.5%
Files: 32/42, data:  3.5%
Files: 33/42, data:  3.9%
Files: 34/42, data:  3.9%
Files: 35/42, data:  3.9%
Files: 36/42, data:  3.9%
Files: 37/42, data:  3.9%
Files: 38/42, data:  3.9%
Files: 39/42, data:  3.9%
Files: 40/42, data:  3.9%
Files: 41/42, data:  4.0%
Files: 41/42, data:  4.3%
Files: 42/42, data:  5.0%
Files: 42/42, data:  6.0%
Files: 42/42, data:  7.0%
Files: 42/42, data:  8.0%
Files: 42/42, data:  9.0%
Files: 42/42, data: 10.0%
Files: 42/42, data: 11.0%
Files: 42/42, data: 12.0%
Files: 42/42, data: 13.0%
Files: 42/42, data: 14.0%
Files: 42/42, data: 15.0%
Files: 42/42, data: 16.0%
Files: 42/42, data: 17.0%
Files: 42/42, data: 18.0%
Files: 42/42, data: 19.0%
Files: 42/42, data: 20.0%
Files: 42/42, data: 21.0%
Files: 42/42, data: 22.0%
Files: 42/42, data: 23.0%
Files: 42/42, data: 24.0%
Files: 42/42, data: 25.0%
Files: 42/42, data: 26.0%
Files: 42/42, data: 27.0%
Files: 42/42, data: 28.0%
Files: 42/42, data: 29.0%
Files: 42/42, data: 30.0%
Files: 42/42, data: 31.0%
Files: 42/42, data: 32.0%
Files: 42/42, data: 33.0%
Files: 42/42, data: 34.0%
Files: 42/42, data: 35.0%
Files: 42/42, data: 36.0%
Files: 42/42, data: 37.0%
Files: 42/42, data: 38.0%
Files: 42/42, data: 39.0%
Files: 42/42, data: 40.0%
Files: 42/42, data: 41.0%
Files: 42/42, data: 42.0%
Files: 42/42, data: 43.0%
Files: 42/42, data: 44.0%
Files: 42/42, data: 45.0%
Files: 42/42, data: 46.0%
Files: 42/42, data: 47.0%
Files: 42/42, data: 48.0%
Files: 42/42, data: 49.0%
Files: 42/42, data: 50.0%
Files: 42/42, data: 51.0%
Files: 42/42, data: 52.0%
Files: 42/42, data: 53.0%
Files: 42/42, data: 54.0%
Files: 42/42, data: 55.0%
Files: 42/42, data: 56.0%
Files: 42/42, data: 57.0%
Files: 42/42, data: 58.0%
Files: 42/42, data: 59.0%
Files: 42/42, data: 60.0%
Files: 42/42, data: 61.0%
Files: 42/42, data: 62.0%
Files: 42/42, data: 63.0%
Files: 42/42, data: 64.0%
Files: 42/42, data: 65.0%
Files: 42/42, data: 66.0%
Files: 42/42, data: 67.0%
Files: 42/42, data: 68.0%
Files: 42/42, data: 69.0%
Files: 42/42, data: 70.0%
Files: 42/42, data: 71.0%
Files: 42/42, data: 72.0%
Files: 42/42, data: 73.0%
Files: 42/42, data: 74.0%
Files: 42/42, data: 75.0%
Files: 42/42, data: 76.0%
Files: 42/42, data: 77.0%
Files: 42/42, data: 78.0%
Files: 42/42, data: 79.0%
Files: 42/42, data: 80.0%
Files: 42/42, data: 81.0%
Files: 42/42, data: 82.0%
Files: 42/42, data: 83.0%
Files: 42/42, data: 84.0%
Files: 42/42, data: 85.0%
Files: 42/42, data: 86.0%
Files: 42/42, data: 87.0%
Files: 42/42, data: 88.0%
Files: 42/42, data: 89.0%
Files: 42/42, data: 90.0%
Files: 42/42, data: 91.0%
Files: 42/42, data: 92.0%
Files: 42/42, data: 93.0%
Files: 42/42, data: 94.0%
Files: 42/42, data: 95.0%
Files: 42/42, data: 96.0%
Files: 42/42, data: 97.0%
Files: 42/42, data: 98.0%
Files: 42/42, data: 99.0%
Files: 42/42, data: 100.0%
Files: 42/42, data: 100.0%
Done: 42 files, 267.5MiB processed in 0.761 seconds.
2026-06-17 00:30:59.755+0000 INFO  [o.n.c.d.DumpCommand] Dump completed successfully
2026-06-17 02:30:59 [SUCCESS] Backup created: /home/weiss/git/hugo-chemie-lernen-org/backups/neo4j-leads/leads_knowledge_backup_20260617_023035.dump (7.1M)
2026-06-17 02:30:59 [INFO] Restarting Neo4j container...
2026-06-17 02:31:05 [SUCCESS] Backup verification passed
2026-06-17 02:31:05 [INFO] Cleaning up old backups...
2026-06-17 02:31:05 [SUCCESS] Cleanup completed
2026-06-17 02:31:06 [SUCCESS] Backup process completed successfully
=== Complete: chemie=0, leads=0 ===
=== Chemie Backup: Thu Jun 18 02:30:01 CEST 2026 ===
2026-06-18 02:30:01 [INFO] === Neo4j Backup: chemie-neo4j/chemie ===
2026-06-18 02:30:01 [INFO] Checking prerequisites...
2026-06-18 02:30:01 [SUCCESS] Prerequisites OK
2026-06-18 02:30:01 [INFO] Creating backup: chemie_knowledge_backup_20260618_023001.dump
2026-06-18 02:30:02 [INFO] Stopping Neo4j service for backup...
Stopping Neo4j.......2026-06-18 00:30:25.662+0000 INFO  [o.n.c.d.DumpCommand] Starting dump of database 'chemie'

Files: 1/166, data:  0.0%
Files: 1/166, data:  0.0%
Files: 2/166, data:  0.1%
Files: 3/166, data:  0.1%
Files: 4/166, data:  0.1%
Files: 5/166, data:  0.1%
Files: 6/166, data:  0.1%
Files: 7/166, data:  0.1%
Files: 8/166, data:  0.1%
Files: 9/166, data:  0.1%
Files: 10/166, data:  0.1%
Files: 11/166, data:  0.1%
Files: 12/166, data:  0.2%
Files: 13/166, data:  0.2%
Files: 14/166, data:  0.2%
Files: 15/166, data:  0.2%
Files: 16/166, data:  0.2%
Files: 17/166, data:  0.2%
Files: 18/166, data:  0.2%
Files: 19/166, data:  0.2%
Files: 20/166, data:  0.2%
Files: 21/166, data:  0.2%
Files: 22/166, data:  0.2%
Files: 23/166, data:  0.2%
Files: 24/166, data:  0.2%
Files: 25/166, data:  0.2%
Files: 26/166, data:  0.2%
Files: 27/166, data:  0.2%
Files: 28/166, data:  0.2%
Files: 29/166, data:  0.5%
Files: 30/166, data:  0.5%
Files: 31/166, data:  0.5%
Files: 32/166, data:  0.9%
Files: 33/166, data:  0.9%
Files: 34/166, data:  0.9%
Files: 35/166, data:  0.9%
Files: 36/166, data:  0.9%
Files: 37/166, data:  0.9%
Files: 38/166, data:  0.9%
Files: 39/166, data:  0.9%
Files: 40/166, data:  0.9%
Files: 41/166, data:  0.9%
Files: 42/166, data:  0.9%
Files: 43/166, data:  0.9%
Files: 44/166, data:  0.9%
Files: 45/166, data:  0.9%
Files: 46/166, data:  0.9%
Files: 47/166, data:  0.9%
Files: 48/166, data:  0.9%
Files: 49/166, data:  0.9%
Files: 50/166, data:  0.9%
Files: 51/166, data:  0.9%
Files: 52/166, data:  0.9%
Files: 53/166, data:  0.9%
Files: 54/166, data:  0.9%
Files: 55/166, data:  0.9%
Files: 56/166, data:  0.9%
Files: 57/166, data:  0.9%
Files: 58/166, data:  1.0%
Files: 58/166, data:  1.2%
Files: 59/166, data:  1.2%
Files: 60/166, data:  1.2%
Files: 61/166, data:  1.6%
Files: 62/166, data:  1.9%
Files: 63/166, data:  1.9%
Files: 64/166, data:  2.0%
Files: 64/166, data:  2.3%
Files: 65/166, data:  2.3%
Files: 66/166, data:  2.3%
Files: 67/166, data:  2.3%
Files: 68/166, data:  2.3%
Files: 69/166, data:  2.3%
Files: 70/166, data:  2.3%
Files: 71/166, data:  2.3%
Files: 72/166, data:  2.6%
Files: 73/166, data:  2.6%
Files: 74/166, data:  2.6%
Files: 75/166, data:  2.6%
Files: 76/166, data:  3.0%
Files: 77/166, data:  3.0%
Files: 78/166, data:  3.0%
Files: 79/166, data:  3.0%
Files: 80/166, data:  3.0%
Files: 81/166, data:  3.0%
Files: 82/166, data:  3.0%
Files: 83/166, data:  3.0%
Files: 84/166, data:  3.0%
Files: 84/166, data:  3.3%
Files: 85/166, data:  3.3%
Files: 86/166, data:  3.3%
Files: 87/166, data:  3.3%
Files: 88/166, data:  3.3%
Files: 89/166, data:  3.3%
Files: 90/166, data:  3.3%
Files: 91/166, data:  3.3%
Files: 92/166, data:  3.3%
Files: 93/166, data:  3.3%
Files: 94/166, data:  3.3%
Files: 95/166, data:  3.3%
Files: 96/166, data:  3.7%
Files: 97/166, data:  3.7%
Files: 98/166, data:  4.0%
Files: 98/166, data:  4.0%
Files: 99/166, data:  4.0%
Files: 100/166, data:  4.0%
Files: 101/166, data:  4.0%
Files: 102/166, data:  4.0%
Files: 103/166, data:  4.0%
Files: 104/166, data:  4.0%
Files: 105/166, data:  4.0%
Files: 106/166, data:  4.0%
Files: 107/166, data:  4.0%
Files: 108/166, data:  4.0%
Files: 109/166, data:  4.0%
Files: 110/166, data:  4.0%
Files: 111/166, data:  4.0%
Files: 112/166, data:  4.0%
Files: 113/166, data:  4.0%
Files: 114/166, data:  4.0%
Files: 115/166, data:  4.0%
Files: 116/166, data:  4.1%
Files: 117/166, data:  4.1%
Files: 118/166, data:  4.1%
Files: 119/166, data:  4.1%
Files: 120/166, data:  4.1%
Files: 121/166, data:  4.1%
Files: 122/166, data:  4.2%
Files: 123/166, data:  4.2%
Files: 124/166, data:  4.2%
Files: 125/166, data:  4.2%
Files: 126/166, data:  4.2%
Files: 127/166, data:  4.2%
Files: 128/166, data:  4.2%
Files: 129/166, data:  4.2%
Files: 130/166, data:  4.3%
Files: 131/166, data:  4.3%
Files: 132/166, data:  4.3%
Files: 133/166, data:  4.3%
Files: 134/166, data:  4.3%
Files: 135/166, data:  4.3%
Files: 136/166, data:  4.3%
Files: 137/166, data:  4.4%
Files: 138/166, data:  4.4%
Files: 139/166, data:  4.4%
Files: 140/166, data:  4.4%
Files: 141/166, data:  4.4%
Files: 142/166, data:  4.4%
Files: 143/166, data:  4.4%
Files: 144/166, data:  4.4%
Files: 145/166, data:  4.5%
Files: 146/166, data:  4.5%
Files: 147/166, data:  4.5%
Files: 148/166, data:  5.0%
Files: 148/166, data:  6.0%
Files: 148/166, data:  7.0%
Files: 148/166, data:  8.0%
Files: 148/166, data:  9.0%
Files: 148/166, data: 10.0%
Files: 148/166, data: 11.0%
Files: 148/166, data: 11.0%
Files: 149/166, data: 11.0%
Files: 150/166, data: 11.3%
Files: 151/166, data: 11.3%
Files: 152/166, data: 11.3%
Files: 153/166, data: 11.3%
Files: 154/166, data: 11.3%
Files: 155/166, data: 11.3%
Files: 156/166, data: 11.3%
Files: 157/166, data: 11.4%
Files: 158/166, data: 11.4%
Files: 159/166, data: 11.4%
Files: 160/166, data: 11.4%
Files: 161/166, data: 11.4%
Files: 162/166, data: 11.4%
Files: 163/166, data: 11.4%
Files: 164/166, data: 11.4%
Files: 165/166, data: 11.8%
Files: 166/166, data: 12.0%
Files: 166/166, data: 13.0%
Files: 166/166, data: 14.0%
Files: 166/166, data: 15.0%
Files: 166/166, data: 16.0%
Files: 166/166, data: 17.0%
Files: 166/166, data: 18.0%
Files: 166/166, data: 19.0%
Files: 166/166, data: 20.0%
Files: 166/166, data: 21.0%
Files: 166/166, data: 22.0%
Files: 166/166, data: 23.0%
Files: 166/166, data: 24.0%
Files: 166/166, data: 25.0%
Files: 166/166, data: 26.0%
Files: 166/166, data: 27.0%
Files: 166/166, data: 28.0%
Files: 166/166, data: 29.0%
Files: 166/166, data: 30.0%
Files: 166/166, data: 31.0%
Files: 166/166, data: 32.0%
Files: 166/166, data: 33.0%
Files: 166/166, data: 34.0%
Files: 166/166, data: 35.0%
Files: 166/166, data: 36.0%
Files: 166/166, data: 37.0%
Files: 166/166, data: 38.0%
Files: 166/166, data: 39.0%
Files: 166/166, data: 40.0%
Files: 166/166, data: 41.0%
Files: 166/166, data: 42.0%
Files: 166/166, data: 43.0%
Files: 166/166, data: 44.0%
Files: 166/166, data: 45.0%
Files: 166/166, data: 46.0%
Files: 166/166, data: 47.0%
Files: 166/166, data: 48.0%
Files: 166/166, data: 49.0%
Files: 166/166, data: 50.0%
Files: 166/166, data: 51.0%
Files: 166/166, data: 52.0%
Files: 166/166, data: 53.0%
Files: 166/166, data: 54.0%
Files: 166/166, data: 55.0%
Files: 166/166, data: 56.0%
Files: 166/166, data: 57.0%
Files: 166/166, data: 58.0%
Files: 166/166, data: 59.0%
Files: 166/166, data: 60.0%
Files: 166/166, data: 61.0%
Files: 166/166, data: 62.0%
Files: 166/166, data: 63.0%
Files: 166/166, data: 64.0%
Files: 166/166, data: 65.0%
Files: 166/166, data: 66.0%
Files: 166/166, data: 67.0%
Files: 166/166, data: 68.0%
Files: 166/166, data: 69.0%
Files: 166/166, data: 70.0%
Files: 166/166, data: 71.0%
Files: 166/166, data: 72.0%
Files: 166/166, data: 73.0%
Files: 166/166, data: 74.0%
Files: 166/166, data: 75.0%
Files: 166/166, data: 76.0%
Files: 166/166, data: 77.0%
Files: 166/166, data: 78.0%
Files: 166/166, data: 79.0%
Files: 166/166, data: 80.0%
Files: 166/166, data: 81.0%
Files: 166/166, data: 82.0%
Files: 166/166, data: 83.0%
Files: 166/166, data: 84.0%
Files: 166/166, data: 85.0%
Files: 166/166, data: 86.0%
Files: 166/166, data: 87.0%
Files: 166/166, data: 88.0%
Files: 166/166, data: 89.0%
Files: 166/166, data: 90.0%
Files: 166/166, data: 91.0%
Files: 166/166, data: 92.0%
Files: 166/166, data: 93.0%
Files: 166/166, data: 94.0%
Files: 166/166, data: 95.0%
Files: 166/166, data: 96.0%
Files: 166/166, data: 97.0%
Files: 166/166, data: 98.0%
Files: 166/166, data: 99.0%
Files: 166/166, data: 100.0%
Files: 166/166, data: 100.0%
Done: 166 files, 290.2MiB processed in 1.507 seconds.
2026-06-18 00:30:28.792+0000 INFO  [o.n.c.d.DumpCommand] Dump completed successfully
2026-06-18 02:30:29 [SUCCESS] Backup created: /home/weiss/git/hugo-chemie-lernen-org/backups/neo4j/chemie_knowledge_backup_20260618_023001.dump (33M)
2026-06-18 02:30:29 [INFO] Restarting Neo4j container...
2026-06-18 02:30:36 [SUCCESS] Backup verification passed
2026-06-18 02:30:36 [INFO] Cleaning up old backups...
2026-06-18 02:30:36 [SUCCESS] Cleanup completed
2026-06-18 02:30:36 [SUCCESS] Backup process completed successfully
2026-06-18 02:30:36 [INFO] === Neo4j Backup: leads-neo4j/neo4j ===
2026-06-18 02:30:36 [INFO] Checking prerequisites...
2026-06-18 02:30:36 [SUCCESS] Prerequisites OK
2026-06-18 02:30:36 [INFO] Creating backup: leads_knowledge_backup_20260618_023036.dump
2026-06-18 02:30:36 [INFO] Stopping Neo4j service for backup...
Stopping Neo4j.......2026-06-18 00:31:01.423+0000 INFO  [o.n.c.d.DumpCommand] Starting dump of database 'neo4j'

Files: 1/42, data:  0.0%
Files: 1/42, data:  0.0%
Files: 2/42, data:  0.9%
Files: 3/42, data:  0.9%
Files: 4/42, data:  0.9%
Files: 5/42, data:  0.9%
Files: 6/42, data:  1.0%
Files: 7/42, data:  1.0%
Files: 8/42, data:  1.0%
Files: 8/42, data:  1.1%
Files: 9/42, data:  1.1%
Files: 10/42, data:  1.1%
Files: 11/42, data:  1.1%
Files: 12/42, data:  1.1%
Files: 13/42, data:  1.2%
Files: 14/42, data:  1.5%
Files: 15/42, data:  1.5%
Files: 16/42, data:  1.5%
Files: 17/42, data:  1.5%
Files: 18/42, data:  1.6%
Files: 19/42, data:  1.6%
Files: 20/42, data:  1.6%
Files: 21/42, data:  1.6%
Files: 22/42, data:  1.7%
Files: 23/42, data:  1.7%
Files: 24/42, data:  1.7%
Files: 25/42, data:  1.7%
Files: 26/42, data:  2.0%
Files: 26/42, data:  3.0%
Files: 26/42, data:  3.5%
Files: 27/42, data:  3.5%
Files: 28/42, data:  3.5%
Files: 29/42, data:  3.5%
Files: 30/42, data:  3.5%
Files: 31/42, data:  3.5%
Files: 32/42, data:  3.5%
Files: 33/42, data:  3.9%
Files: 34/42, data:  3.9%
Files: 35/42, data:  3.9%
Files: 36/42, data:  3.9%
Files: 37/42, data:  3.9%
Files: 38/42, data:  4.0%
Files: 39/42, data:  4.0%
Files: 40/42, data:  4.0%
Files: 41/42, data:  4.0%
Files: 41/42, data:  4.3%
Files: 42/42, data:  5.0%
Files: 42/42, data:  6.0%
Files: 42/42, data:  7.0%
Files: 42/42, data:  8.0%
Files: 42/42, data:  9.0%
Files: 42/42, data: 10.0%
Files: 42/42, data: 11.0%
Files: 42/42, data: 12.0%
Files: 42/42, data: 13.0%
Files: 42/42, data: 14.0%
Files: 42/42, data: 15.0%
Files: 42/42, data: 16.0%
Files: 42/42, data: 17.0%
Files: 42/42, data: 18.0%
Files: 42/42, data: 19.0%
Files: 42/42, data: 20.0%
Files: 42/42, data: 21.0%
Files: 42/42, data: 22.0%
Files: 42/42, data: 23.0%
Files: 42/42, data: 24.0%
Files: 42/42, data: 25.0%
Files: 42/42, data: 26.0%
Files: 42/42, data: 27.0%
Files: 42/42, data: 28.0%
Files: 42/42, data: 29.0%
Files: 42/42, data: 30.0%
Files: 42/42, data: 31.0%
Files: 42/42, data: 32.0%
Files: 42/42, data: 33.0%
Files: 42/42, data: 34.0%
Files: 42/42, data: 35.0%
Files: 42/42, data: 36.0%
Files: 42/42, data: 37.0%
Files: 42/42, data: 38.0%
Files: 42/42, data: 39.0%
Files: 42/42, data: 40.0%
Files: 42/42, data: 41.0%
Files: 42/42, data: 42.0%
Files: 42/42, data: 43.0%
Files: 42/42, data: 44.0%
Files: 42/42, data: 45.0%
Files: 42/42, data: 46.0%
Files: 42/42, data: 47.0%
Files: 42/42, data: 48.0%
Files: 42/42, data: 49.0%
Files: 42/42, data: 50.0%
Files: 42/42, data: 51.0%
Files: 42/42, data: 52.0%
Files: 42/42, data: 53.0%
Files: 42/42, data: 54.0%
Files: 42/42, data: 55.0%
Files: 42/42, data: 56.0%
Files: 42/42, data: 57.0%
Files: 42/42, data: 58.0%
Files: 42/42, data: 59.0%
Files: 42/42, data: 60.0%
Files: 42/42, data: 61.0%
Files: 42/42, data: 62.0%
Files: 42/42, data: 63.0%
Files: 42/42, data: 64.0%
Files: 42/42, data: 65.0%
Files: 42/42, data: 66.0%
Files: 42/42, data: 67.0%
Files: 42/42, data: 68.0%
Files: 42/42, data: 69.0%
Files: 42/42, data: 70.0%
Files: 42/42, data: 71.0%
Files: 42/42, data: 72.0%
Files: 42/42, data: 73.0%
Files: 42/42, data: 74.0%
Files: 42/42, data: 75.0%
Files: 42/42, data: 76.0%
Files: 42/42, data: 77.0%
Files: 42/42, data: 78.0%
Files: 42/42, data: 79.0%
Files: 42/42, data: 80.0%
Files: 42/42, data: 81.0%
Files: 42/42, data: 82.0%
Files: 42/42, data: 83.0%
Files: 42/42, data: 84.0%
Files: 42/42, data: 85.0%
Files: 42/42, data: 86.0%
Files: 42/42, data: 87.0%
Files: 42/42, data: 88.0%
Files: 42/42, data: 89.0%
Files: 42/42, data: 90.0%
Files: 42/42, data: 91.0%
Files: 42/42, data: 92.0%
Files: 42/42, data: 93.0%
Files: 42/42, data: 94.0%
Files: 42/42, data: 95.0%
Files: 42/42, data: 96.0%
Files: 42/42, data: 97.0%
Files: 42/42, data: 98.0%
Files: 42/42, data: 99.0%
Files: 42/42, data: 100.0%
Files: 42/42, data: 100.0%
Done: 42 files, 267.6MiB processed in 0.802 seconds.
2026-06-18 00:31:03.415+0000 INFO  [o.n.c.d.DumpCommand] Dump completed successfully
2026-06-18 02:31:03 [SUCCESS] Backup created: /home/weiss/git/hugo-chemie-lernen-org/backups/neo4j-leads/leads_knowledge_backup_20260618_023036.dump (7.8M)
2026-06-18 02:31:03 [INFO] Restarting Neo4j container...
2026-06-18 02:31:10 [SUCCESS] Backup verification passed
2026-06-18 02:31:10 [INFO] Cleaning up old backups...
2026-06-18 02:31:10 [SUCCESS] Cleanup completed
2026-06-18 02:31:10 [SUCCESS] Backup process completed successfully
=== Complete: chemie=0, leads=0 ===
=== Chemie Backup: Tue Jun 23 02:30:01 CEST 2026 ===
2026-06-23 02:30:01 [INFO] === Neo4j Backup: chemie-neo4j/chemie ===
2026-06-23 02:30:01 [INFO] Checking prerequisites...
2026-06-23 02:30:01 [SUCCESS] Prerequisites OK
2026-06-23 02:30:01 [INFO] Creating backup: chemie_knowledge_backup_20260623_023001.dump
2026-06-23 02:30:01 [INFO] Stopping Neo4j service for backup...
Stopping Neo4j.............2026-06-23 00:30:34.449+0000 INFO  [o.n.c.d.DumpCommand] Starting dump of database 'chemie'

Files: 1/337, data:  0.0%
Files: 1/337, data:  0.0%
Files: 2/337, data:  1.0%
Files: 2/337, data:  2.0%
Files: 2/337, data:  3.0%
Files: 2/337, data:  4.0%
Files: 2/337, data:  5.0%
Files: 2/337, data:  6.0%
Files: 2/337, data:  7.0%
Files: 2/337, data:  7.1%
Files: 3/337, data:  7.1%
Files: 4/337, data:  7.1%
Files: 5/337, data:  7.1%
Files: 6/337, data:  7.1%
Files: 7/337, data:  7.1%
Files: 8/337, data:  7.9%
Files: 9/337, data:  7.9%
Files: 10/337, data:  7.9%
Files: 11/337, data:  7.9%
Files: 12/337, data:  8.0%
Files: 12/337, data:  8.0%
Files: 13/337, data:  8.0%
Files: 14/337, data:  8.0%
Files: 15/337, data:  8.0%
Files: 16/337, data:  8.0%
Files: 17/337, data:  8.0%
Files: 18/337, data:  8.0%
Files: 19/337, data:  8.0%
Files: 20/337, data:  8.0%
Files: 21/337, data:  8.0%
Files: 22/337, data:  8.0%
Files: 23/337, data:  8.0%
Files: 24/337, data:  8.0%
Files: 25/337, data:  8.0%
Files: 26/337, data:  8.0%
Files: 27/337, data:  8.0%
Files: 28/337, data:  8.0%
Files: 29/337, data:  8.0%
Files: 30/337, data:  8.0%
Files: 31/337, data:  8.0%
Files: 32/337, data:  8.0%
Files: 33/337, data:  8.0%
Files: 34/337, data:  8.0%
Files: 35/337, data:  8.0%
Files: 36/337, data:  8.0%
Files: 37/337, data:  8.0%
Files: 38/337, data:  8.0%
Files: 39/337, data:  8.0%
Files: 40/337, data:  8.0%
Files: 41/337, data:  8.0%
Files: 42/337, data:  8.0%
Files: 43/337, data:  8.0%
Files: 44/337, data:  8.0%
Files: 45/337, data:  8.0%
Files: 46/337, data:  8.0%
Files: 47/337, data:  8.0%
Files: 48/337, data:  8.0%
Files: 49/337, data:  8.0%
Files: 50/337, data:  8.0%
Files: 51/337, data:  8.0%
Files: 52/337, data:  8.0%
Files: 53/337, data:  8.1%
Files: 54/337, data:  8.1%
Files: 55/337, data:  8.1%
Files: 56/337, data:  8.2%
Files: 57/337, data:  8.2%
Files: 58/337, data:  8.2%
Files: 59/337, data:  8.2%
Files: 60/337, data:  8.2%
Files: 61/337, data:  8.2%
Files: 62/337, data:  8.2%
Files: 63/337, data:  8.2%
Files: 64/337, data:  8.2%
Files: 65/337, data:  8.2%
Files: 66/337, data:  8.2%
Files: 67/337, data:  8.2%
Files: 68/337, data:  8.2%
Files: 69/337, data:  8.3%
Files: 70/337, data:  8.3%
Files: 71/337, data:  8.3%
Files: 72/337, data:  8.3%
Files: 73/337, data:  8.3%
Files: 74/337, data:  8.3%
Files: 75/337, data:  8.3%
Files: 76/337, data:  8.4%
Files: 77/337, data:  8.4%
Files: 78/337, data:  8.4%
Files: 79/337, data:  8.4%
Files: 80/337, data:  8.4%
Files: 81/337, data:  8.4%
Files: 82/337, data:  8.4%
Files: 83/337, data:  8.4%
Files: 84/337, data:  8.4%
Files: 85/337, data:  8.4%
Files: 86/337, data:  8.4%
Files: 87/337, data:  8.4%
Files: 88/337, data:  8.4%
Files: 89/337, data:  8.4%
Files: 90/337, data:  8.4%
Files: 91/337, data:  8.4%
Files: 92/337, data:  8.4%
Files: 93/337, data:  8.4%
Files: 94/337, data:  8.4%
Files: 95/337, data:  8.4%
Files: 96/337, data:  8.4%
Files: 97/337, data:  8.4%
Files: 98/337, data:  8.4%
Files: 99/337, data:  8.4%
Files: 100/337, data:  8.4%
Files: 101/337, data:  8.4%
Files: 102/337, data:  8.4%
Files: 103/337, data:  8.4%
Files: 104/337, data:  8.4%
Files: 105/337, data:  8.4%
Files: 106/337, data:  8.4%
Files: 107/337, data:  8.4%
Files: 108/337, data:  8.4%
Files: 109/337, data:  8.4%
Files: 110/337, data:  8.4%
Files: 111/337, data:  8.4%
Files: 112/337, data:  8.4%
Files: 113/337, data:  8.4%
Files: 114/337, data:  8.4%
Files: 115/337, data:  8.4%
Files: 116/337, data:  8.4%
Files: 117/337, data:  8.4%
Files: 118/337, data:  8.4%
Files: 119/337, data:  8.4%
Files: 120/337, data:  8.4%
Files: 121/337, data:  8.4%
Files: 122/337, data:  8.4%
Files: 123/337, data:  8.4%
Files: 124/337, data:  8.5%
Files: 125/337, data:  8.5%
Files: 126/337, data:  8.5%
Files: 127/337, data:  8.5%
Files: 128/337, data:  8.5%
Files: 129/337, data:  8.5%
Files: 130/337, data:  8.6%
Files: 131/337, data:  8.6%
Files: 132/337, data:  8.6%
Files: 133/337, data:  8.6%
Files: 134/337, data:  8.6%
Files: 135/337, data:  8.6%
Files: 136/337, data:  8.6%
Files: 137/337, data:  8.6%
Files: 138/337, data:  8.7%
Files: 139/337, data:  8.7%
Files: 140/337, data:  8.7%
Files: 141/337, data:  8.7%
Files: 142/337, data:  8.7%
Files: 143/337, data:  8.7%
Files: 144/337, data:  8.7%
Files: 145/337, data:  8.7%
Files: 146/337, data:  8.7%
Files: 147/337, data:  8.8%
Files: 148/337, data:  8.9%
Files: 149/337, data:  8.9%
Files: 150/337, data:  8.9%
Files: 151/337, data:  8.9%
Files: 152/337, data:  8.9%
Files: 153/337, data:  8.9%
Files: 154/337, data:  8.9%
Files: 155/337, data:  8.9%
Files: 156/337, data:  8.9%
Files: 157/337, data:  8.9%
Files: 158/337, data:  8.9%
Files: 159/337, data:  8.9%
Files: 160/337, data:  8.9%
Files: 161/337, data:  8.9%
Files: 162/337, data:  8.9%
Files: 163/337, data:  8.9%
Files: 164/337, data:  8.9%
Files: 165/337, data:  8.9%
Files: 166/337, data:  9.0%
Files: 166/337, data:  9.0%
Files: 167/337, data:  9.0%
Files: 168/337, data:  9.0%
Files: 169/337, data:  9.0%
Files: 170/337, data:  9.1%
Files: 171/337, data:  9.1%
Files: 172/337, data:  9.2%
Files: 173/337, data:  9.2%
Files: 174/337, data:  9.2%
Files: 175/337, data:  9.2%
Files: 176/337, data:  9.2%
Files: 177/337, data:  9.2%
Files: 178/337, data:  9.2%
Files: 179/337, data:  9.2%
Files: 180/337, data:  9.2%
Files: 181/337, data:  9.2%
Files: 182/337, data:  9.2%
Files: 183/337, data:  9.2%
Files: 184/337, data:  9.2%
Files: 185/337, data:  9.2%
Files: 186/337, data:  9.2%
Files: 187/337, data:  9.2%
Files: 188/337, data:  9.2%
Files: 189/337, data:  9.2%
Files: 190/337, data:  9.2%
Files: 191/337, data:  9.2%
Files: 192/337, data:  9.2%
Files: 193/337, data:  9.2%
Files: 194/337, data:  9.2%
Files: 195/337, data:  9.2%
Files: 196/337, data:  9.3%
Files: 197/337, data:  9.3%
Files: 198/337, data:  9.3%
Files: 199/337, data:  9.4%
Files: 200/337, data:  9.4%
Files: 201/337, data:  9.4%
Files: 202/337, data:  9.4%
Files: 203/337, data:  9.4%
Files: 204/337, data:  9.4%
Files: 205/337, data:  9.5%
Files: 206/337, data:  9.5%
Files: 207/337, data:  9.5%
Files: 208/337, data:  9.5%
Files: 209/337, data:  9.5%
Files: 210/337, data:  9.5%
Files: 211/337, data:  9.5%
Files: 212/337, data:  9.5%
Files: 213/337, data:  9.5%
Files: 214/337, data:  9.5%
Files: 215/337, data:  9.5%
Files: 216/337, data:  9.5%
Files: 217/337, data:  9.6%
Files: 218/337, data:  9.7%
Files: 219/337, data:  9.7%
Files: 220/337, data:  9.7%
Files: 221/337, data:  9.7%
Files: 222/337, data:  9.7%
Files: 223/337, data:  9.7%
Files: 224/337, data:  9.7%
Files: 225/337, data:  9.7%
Files: 226/337, data:  9.7%
Files: 227/337, data:  9.7%
Files: 228/337, data:  9.7%
Files: 229/337, data:  9.7%
Files: 230/337, data:  9.7%
Files: 231/337, data:  9.7%
Files: 232/337, data:  9.7%
Files: 233/337, data:  9.7%
Files: 234/337, data:  9.7%
Files: 235/337, data: 10.0%
Files: 235/337, data: 10.1%
Files: 236/337, data: 10.1%
Files: 237/337, data: 10.1%
Files: 238/337, data: 10.1%
Files: 239/337, data: 10.1%
Files: 240/337, data: 10.1%
Files: 241/337, data: 10.1%
Files: 242/337, data: 10.1%
Files: 243/337, data: 10.1%
Files: 244/337, data: 10.1%
Files: 245/337, data: 10.1%
Files: 246/337, data: 10.2%
Files: 247/337, data: 10.2%
Files: 248/337, data: 10.2%
Files: 249/337, data: 10.2%
Files: 250/337, data: 10.2%
Files: 251/337, data: 10.2%
Files: 252/337, data: 10.4%
Files: 253/337, data: 11.0%
Files: 253/337, data: 11.8%
Files: 254/337, data: 11.9%
Files: 255/337, data: 11.9%
Files: 256/337, data: 11.9%
Files: 257/337, data: 11.9%
Files: 258/337, data: 11.9%
Files: 259/337, data: 11.9%
Files: 260/337, data: 11.9%
Files: 261/337, data: 11.9%
Files: 262/337, data: 11.9%
Files: 263/337, data: 11.9%
Files: 264/337, data: 11.9%
Files: 265/337, data: 11.9%
Files: 266/337, data: 11.9%
Files: 267/337, data: 12.0%
Files: 267/337, data: 13.0%
Files: 267/337, data: 13.9%
Files: 268/337, data: 13.9%
Files: 269/337, data: 13.9%
Files: 270/337, data: 13.9%
Files: 271/337, data: 13.9%
Files: 272/337, data: 14.0%
Files: 272/337, data: 15.0%
Files: 272/337, data: 16.0%
Files: 272/337, data: 17.0%
Files: 272/337, data: 18.0%
Files: 272/337, data: 18.7%
Files: 273/337, data: 18.7%
Files: 274/337, data: 18.7%
Files: 275/337, data: 18.7%
Files: 276/337, data: 18.7%
Files: 277/337, data: 18.7%
Files: 278/337, data: 18.7%
Files: 279/337, data: 18.7%
Files: 280/337, data: 18.7%
Files: 281/337, data: 18.7%
Files: 282/337, data: 18.7%
Files: 283/337, data: 18.7%
Files: 284/337, data: 19.0%
Files: 284/337, data: 19.0%
Files: 285/337, data: 19.0%
Files: 286/337, data: 19.0%
Files: 287/337, data: 19.0%
Files: 288/337, data: 19.0%
Files: 289/337, data: 19.0%
Files: 290/337, data: 19.1%
Files: 291/337, data: 19.1%
Files: 292/337, data: 19.1%
Files: 293/337, data: 19.1%
Files: 294/337, data: 19.1%
Files: 295/337, data: 19.1%
Files: 296/337, data: 19.1%
Files: 297/337, data: 19.1%
Files: 298/337, data: 19.1%
Files: 299/337, data: 19.2%
Files: 300/337, data: 19.3%
Files: 301/337, data: 19.3%
Files: 302/337, data: 19.3%
Files: 303/337, data: 19.3%
Files: 304/337, data: 19.6%
Files: 305/337, data: 19.6%
Files: 306/337, data: 19.6%
Files: 307/337, data: 19.6%
Files: 308/337, data: 19.6%
Files: 309/337, data: 19.6%
Files: 310/337, data: 19.6%
Files: 311/337, data: 19.6%
Files: 312/337, data: 19.6%
Files: 313/337, data: 19.6%
Files: 314/337, data: 19.6%
Files: 315/337, data: 19.6%
Files: 316/337, data: 19.7%
Files: 317/337, data: 20.0%
Files: 317/337, data: 21.0%
Files: 317/337, data: 22.0%
Files: 317/337, data: 23.0%
Files: 317/337, data: 24.0%
Files: 317/337, data: 25.0%
Files: 317/337, data: 26.0%
Files: 317/337, data: 26.8%
Files: 318/337, data: 26.8%
Files: 319/337, data: 27.0%
Files: 319/337, data: 28.0%
Files: 319/337, data: 29.0%
Files: 319/337, data: 30.0%
Files: 319/337, data: 31.0%
Files: 319/337, data: 32.0%
Files: 319/337, data: 33.0%
Files: 319/337, data: 34.0%
Files: 319/337, data: 35.0%
Files: 319/337, data: 36.0%
Files: 319/337, data: 37.0%
Files: 319/337, data: 38.0%
Files: 319/337, data: 39.0%
Files: 319/337, data: 40.0%
Files: 319/337, data: 41.0%
Files: 319/337, data: 41.0%
Files: 320/337, data: 41.0%
Files: 321/337, data: 41.0%
Files: 322/337, data: 41.0%
Files: 323/337, data: 41.0%
Files: 324/337, data: 41.0%
Files: 325/337, data: 41.0%
Files: 326/337, data: 42.0%
Files: 326/337, data: 42.9%
Files: 327/337, data: 42.9%
Files: 328/337, data: 42.9%
Files: 329/337, data: 42.9%
Files: 330/337, data: 42.9%
Files: 331/337, data: 42.9%
Files: 332/337, data: 42.9%
Files: 333/337, data: 42.9%
Files: 334/337, data: 43.0%
Files: 335/337, data: 43.0%
Files: 335/337, data: 44.0%
Files: 335/337, data: 45.0%
Files: 335/337, data: 46.0%
Files: 335/337, data: 47.0%
Files: 335/337, data: 48.0%
Files: 335/337, data: 49.0%
Files: 335/337, data: 50.0%
Files: 335/337, data: 51.0%
Files: 335/337, data: 52.0%
Files: 335/337, data: 53.0%
Files: 335/337, data: 54.0%
Files: 335/337, data: 55.0%
Files: 335/337, data: 56.0%
Files: 335/337, data: 57.0%
Files: 335/337, data: 58.0%
Files: 335/337, data: 59.0%
Files: 335/337, data: 60.0%
Files: 335/337, data: 61.0%
Files: 335/337, data: 62.0%
Files: 335/337, data: 62.0%
Files: 336/337, data: 63.0%
Files: 336/337, data: 64.0%
Files: 336/337, data: 65.0%
Files: 336/337, data: 66.0%
Files: 336/337, data: 67.0%
Files: 336/337, data: 68.0%
Files: 336/337, data: 69.0%
Files: 336/337, data: 70.0%
Files: 336/337, data: 71.0%
Files: 336/337, data: 72.0%
Files: 336/337, data: 73.0%
Files: 336/337, data: 74.0%
Files: 336/337, data: 75.0%
Files: 336/337, data: 76.0%
Files: 336/337, data: 77.0%
Files: 336/337, data: 78.0%
Files: 336/337, data: 79.0%
Files: 336/337, data: 80.0%
Files: 336/337, data: 81.0%
Files: 336/337, data: 81.0%
Files: 337/337, data: 82.0%
Files: 337/337, data: 83.0%
Files: 337/337, data: 84.0%
Files: 337/337, data: 85.0%
Files: 337/337, data: 86.0%
Files: 337/337, data: 87.0%
Files: 337/337, data: 88.0%
Files: 337/337, data: 89.0%
Files: 337/337, data: 90.0%
Files: 337/337, data: 91.0%
Files: 337/337, data: 92.0%
Files: 337/337, data: 93.0%
Files: 337/337, data: 94.0%
Files: 337/337, data: 95.0%
Files: 337/337, data: 96.0%
Files: 337/337, data: 97.0%
Files: 337/337, data: 98.0%
Files: 337/337, data: 99.0%
Files: 337/337, data: 100.0%
Files: 337/337, data: 100.0%
Done: 337 files, 1.317GiB processed in 7.210 seconds.
2026-06-23 00:30:44.542+0000 INFO  [o.n.c.d.DumpCommand] Dump completed successfully
2026-06-23 02:30:46 [SUCCESS] Backup created: /home/weiss/git/hugo-chemie-lernen-org/backups/neo4j/chemie_knowledge_backup_20260623_023001.dump (227M)
2026-06-23 02:30:46 [INFO] Restarting Neo4j container...
2026-06-23 02:31:02 [SUCCESS] Backup verification passed
2026-06-23 02:31:02 [INFO] Cleaning up old backups...
2026-06-23 02:31:02 [SUCCESS] Cleanup completed
2026-06-23 02:31:02 [SUCCESS] Backup process completed successfully
2026-06-23 02:31:02 [INFO] === Neo4j Backup: leads-neo4j/neo4j ===
2026-06-23 02:31:02 [INFO] Checking prerequisites...
2026-06-23 02:31:02 [SUCCESS] Prerequisites OK
2026-06-23 02:31:02 [INFO] Creating backup: leads_knowledge_backup_20260623_023102.dump
2026-06-23 02:31:02 [INFO] Stopping Neo4j service for backup...
Stopping Neo4j.......2026-06-23 00:31:26.889+0000 INFO  [o.n.c.d.DumpCommand] Starting dump of database 'neo4j'

Files: 1/42, data:  0.0%
Files: 1/42, data:  0.0%
Files: 2/42, data:  1.0%
Files: 3/42, data:  1.0%
Files: 4/42, data:  1.0%
Files: 4/42, data:  1.0%
Files: 5/42, data:  1.0%
Files: 6/42, data:  1.0%
Files: 7/42, data:  1.0%
Files: 8/42, data:  1.2%
Files: 9/42, data:  1.2%
Files: 10/42, data:  1.2%
Files: 11/42, data:  1.2%
Files: 12/42, data:  1.2%
Files: 13/42, data:  1.2%
Files: 14/42, data:  1.6%
Files: 15/42, data:  1.6%
Files: 16/42, data:  1.6%
Files: 17/42, data:  1.6%
Files: 18/42, data:  1.7%
Files: 19/42, data:  1.7%
Files: 20/42, data:  1.7%
Files: 21/42, data:  1.8%
Files: 22/42, data:  1.8%
Files: 23/42, data:  1.8%
Files: 24/42, data:  1.8%
Files: 25/42, data:  1.8%
Files: 26/42, data:  2.0%
Files: 26/42, data:  3.0%
Files: 26/42, data:  3.6%
Files: 27/42, data:  3.7%
Files: 28/42, data:  3.7%
Files: 29/42, data:  3.7%
Files: 30/42, data:  3.7%
Files: 31/42, data:  3.7%
Files: 32/42, data:  3.7%
Files: 33/42, data:  4.0%
Files: 33/42, data:  4.1%
Files: 34/42, data:  4.1%
Files: 35/42, data:  4.1%
Files: 36/42, data:  4.1%
Files: 37/42, data:  4.2%
Files: 38/42, data:  4.2%
Files: 39/42, data:  4.2%
Files: 40/42, data:  4.2%
Files: 41/42, data:  4.6%
Files: 42/42, data:  5.0%
Files: 42/42, data:  6.0%
Files: 42/42, data:  7.0%
Files: 42/42, data:  8.0%
Files: 42/42, data:  9.0%
Files: 42/42, data: 10.0%
Files: 42/42, data: 11.0%
Files: 42/42, data: 12.0%
Files: 42/42, data: 13.0%
Files: 42/42, data: 14.0%
Files: 42/42, data: 15.0%
Files: 42/42, data: 16.0%
Files: 42/42, data: 17.0%
Files: 42/42, data: 18.0%
Files: 42/42, data: 19.0%
Files: 42/42, data: 20.0%
Files: 42/42, data: 21.0%
Files: 42/42, data: 22.0%
Files: 42/42, data: 23.0%
Files: 42/42, data: 24.0%
Files: 42/42, data: 25.0%
Files: 42/42, data: 26.0%
Files: 42/42, data: 27.0%
Files: 42/42, data: 28.0%
Files: 42/42, data: 29.0%
Files: 42/42, data: 30.0%
Files: 42/42, data: 31.0%
Files: 42/42, data: 32.0%
Files: 42/42, data: 33.0%
Files: 42/42, data: 34.0%
Files: 42/42, data: 35.0%
Files: 42/42, data: 36.0%
Files: 42/42, data: 37.0%
Files: 42/42, data: 38.0%
Files: 42/42, data: 39.0%
Files: 42/42, data: 40.0%
Files: 42/42, data: 41.0%
Files: 42/42, data: 42.0%
Files: 42/42, data: 43.0%
Files: 42/42, data: 44.0%
Files: 42/42, data: 45.0%
Files: 42/42, data: 46.0%
Files: 42/42, data: 47.0%
Files: 42/42, data: 48.0%
Files: 42/42, data: 49.0%
Files: 42/42, data: 50.0%
Files: 42/42, data: 51.0%
Files: 42/42, data: 52.0%
Files: 42/42, data: 53.0%
Files: 42/42, data: 54.0%
Files: 42/42, data: 55.0%
Files: 42/42, data: 56.0%
Files: 42/42, data: 57.0%
Files: 42/42, data: 58.0%
Files: 42/42, data: 59.0%
Files: 42/42, data: 60.0%
Files: 42/42, data: 61.0%
Files: 42/42, data: 62.0%
Files: 42/42, data: 63.0%
Files: 42/42, data: 64.0%
Files: 42/42, data: 65.0%
Files: 42/42, data: 66.0%
Files: 42/42, data: 67.0%
Files: 42/42, data: 68.0%
Files: 42/42, data: 69.0%
Files: 42/42, data: 70.0%
Files: 42/42, data: 71.0%
Files: 42/42, data: 72.0%
Files: 42/42, data: 73.0%
Files: 42/42, data: 74.0%
Files: 42/42, data: 75.0%
Files: 42/42, data: 76.0%
Files: 42/42, data: 77.0%
Files: 42/42, data: 78.0%
Files: 42/42, data: 79.0%
Files: 42/42, data: 80.0%
Files: 42/42, data: 81.0%
Files: 42/42, data: 82.0%
Files: 42/42, data: 83.0%
Files: 42/42, data: 84.0%
Files: 42/42, data: 85.0%
Files: 42/42, data: 86.0%
Files: 42/42, data: 87.0%
Files: 42/42, data: 88.0%
Files: 42/42, data: 89.0%
Files: 42/42, data: 90.0%
Files: 42/42, data: 91.0%
Files: 42/42, data: 92.0%
Files: 42/42, data: 93.0%
Files: 42/42, data: 94.0%
Files: 42/42, data: 95.0%
Files: 42/42, data: 96.0%
Files: 42/42, data: 97.0%
Files: 42/42, data: 98.0%
Files: 42/42, data: 99.0%
Files: 42/42, data: 100.0%
Files: 42/42, data: 100.0%
Done: 42 files, 268.2MiB processed in 1.435 seconds.
2026-06-23 00:31:29.436+0000 INFO  [o.n.c.d.DumpCommand] Dump completed successfully
2026-06-23 02:31:29 [SUCCESS] Backup created: /home/weiss/git/hugo-chemie-lernen-org/backups/neo4j-leads/leads_knowledge_backup_20260623_023102.dump (9.0M)
2026-06-23 02:31:29 [INFO] Restarting Neo4j container...
2026-06-23 02:31:35 [SUCCESS] Backup verification passed
2026-06-23 02:31:35 [INFO] Cleaning up old backups...
2026-06-23 02:31:35 [SUCCESS] Cleanup completed
2026-06-23 02:31:35 [SUCCESS] Backup process completed successfully
=== Complete: chemie=0, leads=0 ===
=== Chemie Backup: Wed Jun 24 02:30:01 CEST 2026 ===
2026-06-24 02:30:01 [INFO] === Neo4j Backup: chemie-neo4j/chemie ===
2026-06-24 02:30:01 [INFO] Checking prerequisites...
2026-06-24 02:30:02 [SUCCESS] Prerequisites OK
2026-06-24 02:30:02 [INFO] Creating backup: chemie_knowledge_backup_20260624_023001.dump
2026-06-24 02:30:02 [INFO] Stopping Neo4j service for backup...
Stopping Neo4j............2026-06-24 00:30:30.354+0000 INFO  [o.n.c.d.DumpCommand] Starting dump of database 'chemie'
2026-06-24 00:30:31.338+0000 ERROR [o.n.c.d.DumpCommand] Failed to dump database 'chemie': Unable to find store id
2026-06-24 00:30:31.338+0000 ERROR [o.n.c.d.DumpCommand] Dump failed for databases: 'chemie'
Dump failed for databases: 'chemie'
Run with '--verbose' for a more detailed error message.
2026-06-24 02:30:31 [ERROR] Backup failed
2026-06-24 02:30:31 [INFO] Restarting Neo4j container...
2026-06-24 02:30:37 [ERROR] Backup process failed
2026-06-24 02:30:37 [INFO] === Neo4j Backup: leads-neo4j/neo4j ===
2026-06-24 02:30:37 [INFO] Checking prerequisites...
2026-06-24 02:30:37 [SUCCESS] Prerequisites OK
2026-06-24 02:30:37 [INFO] Creating backup: leads_knowledge_backup_20260624_023037.dump
2026-06-24 02:30:37 [INFO] Stopping Neo4j service for backup...
Stopping Neo4j.......2026-06-24 00:30:59.416+0000 INFO  [o.n.c.d.DumpCommand] Starting dump of database 'neo4j'

Files: 1/40, data:  0.0%
Files: 1/40, data:  0.0%
Files: 2/40, data:  0.4%
Files: 3/40, data:  0.4%
Files: 4/40, data:  0.4%
Files: 5/40, data:  0.4%
Files: 6/40, data:  0.4%
Files: 7/40, data:  0.5%
Files: 8/40, data:  0.5%
Files: 9/40, data:  0.5%
Files: 10/40, data:  0.5%
Files: 11/40, data:  0.5%
Files: 12/40, data:  0.5%
Files: 13/40, data:  0.6%
Files: 14/40, data:  0.6%
Files: 15/40, data:  0.6%
Files: 16/40, data:  0.7%
Files: 17/40, data:  0.7%
Files: 18/40, data:  0.7%
Files: 19/40, data:  0.8%
Files: 20/40, data:  0.8%
Files: 21/40, data:  0.8%
Files: 22/40, data:  0.8%
Files: 23/40, data:  0.8%
Files: 24/40, data:  1.0%
Files: 24/40, data:  1.3%
Files: 25/40, data:  1.4%
Files: 26/40, data:  1.4%
Files: 27/40, data:  1.4%
Files: 28/40, data:  1.4%
Files: 29/40, data:  1.4%
Files: 30/40, data:  1.4%
Files: 31/40, data:  1.5%
Files: 32/40, data:  1.5%
Files: 33/40, data:  1.5%
Files: 34/40, data:  1.5%
Files: 35/40, data:  1.6%
Files: 36/40, data:  1.6%
Files: 37/40, data:  1.6%
Files: 38/40, data:  1.6%
Files: 39/40, data:  2.0%
Files: 40/40, data:  2.0%
Files: 40/40, data:  3.0%
Files: 40/40, data:  4.0%
Files: 40/40, data:  5.0%
Files: 40/40, data:  6.0%
Files: 40/40, data:  7.0%
Files: 40/40, data:  8.0%
Files: 40/40, data:  9.0%
Files: 40/40, data: 10.0%
Files: 40/40, data: 11.0%
Files: 40/40, data: 12.0%
Files: 40/40, data: 13.0%
Files: 40/40, data: 14.0%
Files: 40/40, data: 15.0%
Files: 40/40, data: 16.0%
Files: 40/40, data: 17.0%
Files: 40/40, data: 18.0%
Files: 40/40, data: 19.0%
Files: 40/40, data: 20.0%
Files: 40/40, data: 21.0%
Files: 40/40, data: 22.0%
Files: 40/40, data: 23.0%
Files: 40/40, data: 24.0%
Files: 40/40, data: 25.0%
Files: 40/40, data: 26.0%
Files: 40/40, data: 27.0%
Files: 40/40, data: 28.0%
Files: 40/40, data: 29.0%
Files: 40/40, data: 30.0%
Files: 40/40, data: 31.0%
Files: 40/40, data: 32.0%
Files: 40/40, data: 33.0%
Files: 40/40, data: 34.0%
Files: 40/40, data: 35.0%
Files: 40/40, data: 36.0%
Files: 40/40, data: 37.0%
Files: 40/40, data: 38.0%
Files: 40/40, data: 39.0%
Files: 40/40, data: 40.0%
Files: 40/40, data: 41.0%
Files: 40/40, data: 42.0%
Files: 40/40, data: 43.0%
Files: 40/40, data: 44.0%
Files: 40/40, data: 45.0%
Files: 40/40, data: 46.0%
Files: 40/40, data: 47.0%
Files: 40/40, data: 48.0%
Files: 40/40, data: 49.0%
Files: 40/40, data: 50.0%
Files: 40/40, data: 51.0%
Files: 40/40, data: 52.0%
Files: 40/40, data: 53.0%
Files: 40/40, data: 54.0%
Files: 40/40, data: 55.0%
Files: 40/40, data: 56.0%
Files: 40/40, data: 57.0%
Files: 40/40, data: 58.0%
Files: 40/40, data: 59.0%
Files: 40/40, data: 60.0%
Files: 40/40, data: 61.0%
Files: 40/40, data: 62.0%
Files: 40/40, data: 63.0%
Files: 40/40, data: 64.0%
Files: 40/40, data: 65.0%
Files: 40/40, data: 66.0%
Files: 40/40, data: 67.0%
Files: 40/40, data: 68.0%
Files: 40/40, data: 69.0%
Files: 40/40, data: 70.0%
Files: 40/40, data: 71.0%
Files: 40/40, data: 72.0%
Files: 40/40, data: 73.0%
Files: 40/40, data: 74.0%
Files: 40/40, data: 75.0%
Files: 40/40, data: 76.0%
Files: 40/40, data: 77.0%
Files: 40/40, data: 78.0%
Files: 40/40, data: 79.0%
Files: 40/40, data: 80.0%
Files: 40/40, data: 81.0%
Files: 40/40, data: 82.0%
Files: 40/40, data: 83.0%
Files: 40/40, data: 84.0%
Files: 40/40, data: 85.0%
Files: 40/40, data: 86.0%
Files: 40/40, data: 87.0%
Files: 40/40, data: 88.0%
Files: 40/40, data: 89.0%
Files: 40/40, data: 90.0%
Files: 40/40, data: 91.0%
Files: 40/40, data: 92.0%
Files: 40/40, data: 93.0%
Files: 40/40, data: 94.0%
Files: 40/40, data: 95.0%
Files: 40/40, data: 96.0%
Files: 40/40, data: 97.0%
Files: 40/40, data: 98.0%
Files: 40/40, data: 99.0%
Files: 40/40, data: 100.0%
Files: 40/40, data: 100.0%
Done: 40 files, 261.1MiB processed in 1.061 seconds.
2026-06-24 00:31:02.301+0000 INFO  [o.n.c.d.DumpCommand] Dump completed successfully
2026-06-24 02:31:02 [SUCCESS] Backup created: /home/weiss/git/hugo-chemie-lernen-org/backups/neo4j-leads/leads_knowledge_backup_20260624_023037.dump (1.9M)
2026-06-24 02:31:02 [INFO] Restarting Neo4j container...
2026-06-24 02:31:09 [SUCCESS] Backup verification passed
2026-06-24 02:31:09 [INFO] Cleaning up old backups...
2026-06-24 02:31:09 [SUCCESS] Cleanup completed
2026-06-24 02:31:09 [SUCCESS] Backup process completed successfully
=== Complete: chemie=1, leads=0 ===
